Component: ARM Compiler 5.06 (build 20) Tool: armlink [4d35a3]

==============================================================================

Section Cross References

    app.o(i.main) refers to stm32f4xx_usart_config.o(i.USART1_Configuration) for USART1_Configuration
    app.o(i.main) refers to stm32f4xx_usart_config.o(i.USART2_Configuration) for USART2_Configuration
    app.o(i.main) refers to stm32f4xx_usart_config.o(i.USART3_Configuration) for USART3_Configuration
    app.o(i.main) refers to stm32f4xx_iic_config.o(i.IIC1_Confugration) for IIC1_Confugration
    app.o(i.main) refers to bcbmpu6050driver.o(i.MPU6050_Configuation) for MPU6050_Configuation
    app.o(i.main) refers to bcbctrlimu.o(i.IMU_init) for IMU_init
    app.o(i.main) refers to stm32f4xx_it.o(i.TIM3_Configuration) for TIM3_Configuration
    app.o(i.main) refers to stm32f4xx_it.o(i.TIM2_Configuration) for TIM2_Configuration
    app.o(i.main) refers to delay.o(i.delay_ms) for delay_ms
    stm32f4xx_usart_config.o(i.DMA1_Stream1_IRQHandler) refers to stm32f4xx_dma.o(.text) for DMA_GetITStatus
    stm32f4xx_usart_config.o(i.DMA1_Stream1_IRQHandler) refers to agv_deal.o(i.AGVRecv_send_Data) for AGVRecv_send_Data
    stm32f4xx_usart_config.o(i.DMA1_Stream1_IRQHandler) refers to stm32f4xx_usart_config.o(.bss) for G_Dma_U3_RxBuffer
    stm32f4xx_usart_config.o(i.DMA1_Stream3_IRQHandler) refers to stm32f4xx_dma.o(.text) for DMA_GetFlagStatus
    stm32f4xx_usart_config.o(i.DMA2_Stream5_IRQHandler) refers to stm32f4xx_dma.o(.text) for DMA_GetITStatus
    stm32f4xx_usart_config.o(i.DMA2_Stream7_IRQHandler) refers to stm32f4xx_dma.o(.text) for DMA_GetFlagStatus
    stm32f4xx_usart_config.o(i.DmaSendDataProc) refers to stm32f4xx_dma.o(.text) for DMA_Cmd
    stm32f4xx_usart_config.o(i.SendBytesInfoProc) refers to stm32f4xx_usart_config.o(i.DmaSendDataProc) for DmaSendDataProc
    stm32f4xx_usart_config.o(i.SendBytesInfoProc) refers to stm32f4xx_usart_config.o(.bss) for G_Dma_U3_TxBuffer
    stm32f4xx_usart_config.o(i.UART_SendBuffer) refers to stm32f4xx_usart.o(.text) for USART_SendData
    stm32f4xx_usart_config.o(i.USART1_Configuration) refers to stm32f4xx_rcc.o(.text) for RCC_AHB1PeriphClockCmd
    stm32f4xx_usart_config.o(i.USART1_Configuration) refers to stm32f4xx_gpio.o(.text) for GPIO_PinAFConfig
    stm32f4xx_usart_config.o(i.USART1_Configuration) refers to stm32f4xx_usart.o(.text) for USART_Init
    stm32f4xx_usart_config.o(i.USART1_Configuration) refers to stm32f4xx_dma.o(.text) for DMA_DeInit
    stm32f4xx_usart_config.o(i.USART1_Configuration) refers to misc.o(.text) for NVIC_Init
    stm32f4xx_usart_config.o(i.USART1_Configuration) refers to stm32f4xx_usart_config.o(.bss) for G_Dma_U1_RxBuffer
    stm32f4xx_usart_config.o(i.USART2_Configuration) refers to stm32f4xx_rcc.o(.text) for RCC_AHB1PeriphClockCmd
    stm32f4xx_usart_config.o(i.USART2_Configuration) refers to stm32f4xx_gpio.o(.text) for GPIO_PinAFConfig
    stm32f4xx_usart_config.o(i.USART2_Configuration) refers to stm32f4xx_usart.o(.text) for USART_DeInit
    stm32f4xx_usart_config.o(i.USART2_Configuration) refers to stm32f4xx_dma.o(.text) for DMA_DeInit
    stm32f4xx_usart_config.o(i.USART2_Configuration) refers to misc.o(.text) for NVIC_Init
    stm32f4xx_usart_config.o(i.USART2_Configuration) refers to stm32f4xx_usart_config.o(.bss) for sbus_rx_buffer
    stm32f4xx_usart_config.o(i.USART3_Configuration) refers to stm32f4xx_rcc.o(.text) for RCC_AHB1PeriphClockCmd
    stm32f4xx_usart_config.o(i.USART3_Configuration) refers to stm32f4xx_gpio.o(.text) for GPIO_PinAFConfig
    stm32f4xx_usart_config.o(i.USART3_Configuration) refers to stm32f4xx_usart.o(.text) for USART_Init
    stm32f4xx_usart_config.o(i.USART3_Configuration) refers to stm32f4xx_dma.o(.text) for DMA_DeInit
    stm32f4xx_usart_config.o(i.USART3_Configuration) refers to misc.o(.text) for NVIC_Init
    stm32f4xx_usart_config.o(i.USART3_Configuration) refers to stm32f4xx_usart_config.o(.bss) for G_Dma_U3_RxBuffer
    stm32f4xx_usart_config.o(i.USART_Printf) refers to printfa.o(i.__0vsnprintf) for vsnprintf
    stm32f4xx_usart_config.o(i.USART_Printf) refers to stm32f4xx_usart_config.o(i.UART_SendBuffer) for UART_SendBuffer
    stm32f4xx_usart_config.o(i.USART_SendByte) refers to stm32f4xx_usart.o(.text) for USART_SendData
    stm32f4xx_usart_config.o(i.USART_SendBytes) refers to stm32f4xx_usart.o(.text) for USART_SendData
    stm32f4xx_usart_config.o(i.fputc) refers to stm32f4xx_usart.o(.text) for USART_GetFlagStatus
    stm32f4xx_usart_config.o(i.u1_DmaSendDataProc) refers to stm32f4xx_dma.o(.text) for DMA_Cmd
    stm32f4xx_usart_config.o(i.u1_SendBytesInfoProc) refers to stm32f4xx_usart_config.o(i.u1_DmaSendDataProc) for u1_DmaSendDataProc
    stm32f4xx_usart_config.o(i.u1_SendBytesInfoProc) refers to stm32f4xx_usart_config.o(.bss) for G_Dma_U1_TxBuffer
    agv_handle.o(i.Agv_EN) refers to stm32f4xx_usart_config.o(i.SendBytesInfoProc) for SendBytesInfoProc
[...]
    ../clib/microlib/longlong.c              0x00000000   Number         0  llshl.o ABSOLUTE
    ../clib/microlib/printf/printf.c         0x00000000   Number         0  printf7.o ABSOLUTE
    ../clib/microlib/printf/printf.c         0x00000000   Number         0  printf6.o ABSOLUTE
    ../clib/microlib/printf/printf.c         0x00000000   Number         0  printfa.o ABSOLUTE
    ../clib/microlib/printf/printf.c         0x00000000   Number         0  printf5.o ABSOLUTE
    ../clib/microlib/printf/printf.c         0x00000000   Number         0  printf4.o ABSOLUTE
    ../clib/microlib/printf/printf.c         0x00000000   Number         0  printf3.o ABSOLUTE
    ../clib/microlib/printf/printf.c         0x00000000   Number         0  printf2.o ABSOLUTE
    ../clib/microlib/printf/printf.c         0x00000000   Number         0  printf1.o ABSOLUTE
    ../clib/microlib/printf/printf.c         0x00000000   Number         0  printfb.o ABSOLUTE
    ../clib/microlib/printf/printf.c         0x00000000   Number         0  printf0.o ABSOLUTE
    ../clib/microlib/printf/printf.c         0x00000000   Number         0  printf8.o ABSOLUTE
    ../clib/microlib/stdio/streams.c         0x00000000   Number         0  stdout.o ABSOLUTE
    ../clib/microlib/stubs.s                 0x00000000   Number         0  iusefp.o ABSOLUTE
    ../fplib/microlib/d2f.c                  0x00000000   Number         0  d2f.o ABSOLUTE
    ../fplib/microlib/f2d.c                  0x00000000   Number         0  f2d.o ABSOLUTE
    ../fplib/microlib/fpadd.c                0x00000000   Number         0  dadd.o ABSOLUTE
    ../fplib/microlib/fpdiv.c                0x00000000   Number         0  ddiv.o ABSOLUTE
    ../fplib/microlib/fpepilogue.c           0x00000000   Number         0  depilogue.o ABSOLUTE
    ../fplib/microlib/fpepilogue.c           0x00000000   Number         0  fepilogue.o ABSOLUTE
    ../fplib/microlib/fpfix.c                0x00000000   Number         0  dfixul.o ABSOLUTE
    ../fplib/microlib/fpflt.c                0x00000000   Number         0  dflti.o ABSOLUTE
    ../fplib/microlib/fpmul.c                0x00000000   Number         0  dmul.o ABSOLUTE
    ../fplib/microlib/fpneg.c                0x00000000   Number         0  dneg.o ABSOLUTE
    ../fplib/microlib/fpsqrt.c               0x00000000   Number         0  dsqrt.o ABSOLUTE
    ../mathlib/asin.c                        0x00000000   Number         0  asin_x.o ABSOLUTE
    ../mathlib/asin.c                        0x00000000   Number         0  asin.o ABSOLUTE
    ../mathlib/atan.c                        0x00000000   Number         0  atan.o ABSOLUTE
    ../mathlib/atan.c                        0x00000000   Number         0  atan_x.o ABSOLUTE
    ../mathlib/atan2.c                       0x00000000   Number         0  atan2_x.o ABSOLUTE
    ../mathlib/atan2.c                       0x00000000   Number         0  atan2.o ABSOLUTE
    ../mathlib/dunder.c                      0x00000000   Number         0  dunder.o ABSOLUTE
    ../mathlib/fabs.c                        0x00000000   Number         0  fabs.o ABSOLUTE
    ../mathlib/fpclassify.c                  0x00000000   Number         0  fpclassify.o ABSOLUTE
    ../mathlib/poly.c                        0x00000000   Number         0  poly.o ABSOLUTE
    ../mathlib/qnan.c                        0x00000000   Number         0  qnan.o ABSOLUTE
    ../mathlib/sqrt.c                        0x00000000   Number         0  sqrt.o ABSOLUTE
    ../mathlib/sqrt.c                        0x00000000   Number         0  sqrt_x.o ABSOLUTE
    ..\Libraries\misc.c                      0x00000000   Number         0  misc.o ABSOLUTE
    ..\Libraries\stm32f4xx_dma.c             0x00000000   Number         0  stm32f4xx_dma.o ABSOLUTE
    ..\Libraries\stm32f4xx_exti.c            0x00000000   Number         0  stm32f4xx_exti.o ABSOLUTE
    ..\Libraries\stm32f4xx_gpio.c            0x00000000   Number         0  stm32f4xx_gpio.o ABSOLUTE
    ..\Libraries\stm32f4xx_rcc.c             0x00000000   Number         0  stm32f4xx_rcc.o ABSOLUTE
    ..\Libraries\stm32f4xx_tim.c             0x00000000   Number         0  stm32f4xx_tim.o ABSOLUTE
    ..\Libraries\stm32f4xx_usart.c           0x00000000   Number         0  stm32f4xx_usart.o ABSOLUTE
    ..\Library\CMSIS\CM4\DeviceSupport\ST\STM32F40x\startup_stm32f4xx.s 0x00000000   Number         0  startup_stm32f4xx.o ABSOLUTE
    ..\Library\FwLib\src\system_stm32f4xx.c  0x00000000   Number         0  system_stm32f4xx.o ABSOLUTE
    ..\Users\Control\src\BCBCtrlIMU.c        0x00000000   Number         0  bcbctrlimu.o ABSOLUTE
    ..\Users\HardwarePeripheralDrivers\src\BCBMpu6050Driver.c 0x00000000   Number         0  bcbmpu6050driver.o ABSOLUTE
    ..\Users\McuPeripheralDrivers\src\stm32f4xx_iic_config.c 0x00000000   Number         0  stm32f4xx_iic_config.o ABSOLUTE
    ..\Users\xzz_users\App\src\app.c         0x00000000   Number         0  app.o ABSOLUTE
    ..\Users\xzz_users\config\src\agv_deal.c 0x00000000   Number         0  agv_deal.o ABSOLUTE
    ..\Users\xzz_users\config\src\agv_handle.c 0x00000000   Number         0  agv_handle.o ABSOLUTE
    ..\Users\xzz_users\config\src\delay.c    0x00000000   Number         0  delay.o ABSOLUTE
    ..\Users\xzz_users\config\src\stm32f4xx_it.c 0x00000000   Number         0  stm32f4xx_it.o ABSOLUTE
    ..\Users\xzz_users\config\src\stm32f4xx_usart_config.c 0x00000000   Number         0  stm32f4xx_usart_config.o ABSOLUTE
    ..\\Libraries\\misc.c                    0x00000000   Number         0  misc.o ABSOLUTE
    ..\\Libraries\\stm32f4xx_dma.c           0x00000000   Number         0  stm32f4xx_dma.o ABSOLUTE
    ..\\Libraries\\stm32f4xx_exti.c          0x00000000   Number         0  stm32f4xx_exti.o ABSOLUTE
    ..\\Libraries\\stm32f4xx_gpio.c          0x00000000   Number         0  stm32f4xx_gpio.o ABSOLUTE
    ..\\Libraries\\stm32f4xx_rcc.c           0x00000000   Number         0  stm32f4xx_rcc.o ABSOLUTE
    ..\\Libraries\\stm32f4xx_tim.c           0x00000000   Number         0  stm32f4xx_tim.o ABSOLUTE
    ..\\Libraries\\stm32f4xx_usart.c         0x00000000   Number         0  stm32f4xx_usart.o ABSOLUTE
    ..\\Library\\FwLib\\src\\system_stm32f4xx.c 0x00000000   Number         0  system_stm32f4xx.o ABSOLUTE
    ..\\Users\\Control\\src\\BCBCtrlIMU.c    0x00000000   Number         0  bcbctrlimu.o ABSOLUTE
    ..\\Users\\HardwarePeripheralDrivers\\src\\BCBMpu6050Driver.c 0x00000000   Number         0  bcbmpu6050driver.o ABSOLUTE
    ..\\Users\\McuPeripheralDrivers\\src\\stm32f4xx_iic_config.c 0x00000000   Number         0  stm32f4xx_iic_config.o ABSOLUTE
    ..\\Users\\xzz_users\\App\\src\\app.c    0x00000000   Number         0  app.o ABSOLUTE
    ..\\Users\\xzz_users\\config\\src\\agv_deal.c 0x00000000   Number         0  agv_deal.o ABSOLUTE
    ..\\Users\\xzz_users\\config\\src\\agv_handle.c 0x00000000   Number         0  agv_handle.o ABSOLUTE
    ..\\Users\\xzz_users\\config\\src\\delay.c 0x00000000   Number         0  delay.o ABSOLUTE
    ..\\Users\\xzz_users\\config\\src\\stm32f4xx_it.c 0x00000000   Number         0  stm32f4xx_it.o ABSOLUTE
    ..\\Users\\xzz_users\\config\\src\\stm32f4xx_usart_config.c 0x00000000   Number         0  stm32f4xx_usart_config.o ABSOLUTE
    cdcmple.s                                0x00000000   Number         0  cdcmple.o ABSOLUTE
    cdrcmple.s                               0x00000000   Number         0  cdrcmple.o ABSOLUTE
    dc.s                                     0x00000000   Number         0  dc.o ABSOLUTE
    handlers.s                               0x00000000   Number         0  handlers.o ABSOLUTE
    init.s                                   0x00000000   Number         0  init.o ABSOLUTE
    RESET                                    0x08000000   Section      392  startup_stm32f4xx.o(RESET)
    .ARM.Collect$$$$00000000                 0x08000188   Section        0  entry.o(.ARM.Collect$$$$00000000)
    .ARM.Collect$$$$00000001                 0x08000188   Section        4  entry2.o(.ARM.Collect$$$$00000001)
    .ARM.Collect$$$$00000004                 0x0800018c   Section        4  entry5.o(.ARM.Collect$$$$00000004)
    .ARM.Collect$$$$00000008                 0x08000190   Section        0  entry7b.o(.ARM.Collect$$$$00000008)
    .ARM.Collect$$$$0000000A                 0x08000190   Section        0  entry8b.o(.ARM.Collect$$$$0000000A)
    .ARM.Collect$$$$0000000B                 0x08000190   Section        8  entry9a.o(.ARM.Collect$$$$0000000B)
    .ARM.Collect$$$$0000000D                 0x08000198   Section        0  entry10a.o(.ARM.Collect$$$$0000000D)
    .ARM.Collect$$$$0000000F                 0x08000198   Section        0  entry11a.o(.ARM.Collect$$$$0000000F)
    .ARM.Collect$$$$00002712                 0x08000198   Section        4  entry2.o(.ARM.Collect$$$$00002712)
    __lit__00000000                          0x08000198   Data           4  entry2.o(.ARM.Collect$$$$00002712)
    .text                                    0x0800019c   Section       36  startup_stm32f4xx.o(.text)
    $v0                                      0x0800019c   Number         0  startup_stm32f4xx.o(.text)
    .text                                    0x080001c0   Section        0  misc.o(.text)
    .text                                    0x080002a0   Section        0  stm32f4xx_tim.o(.text)
    TI4_Config                               0x08000a3f   Thumb Code    80  stm32f4xx_tim.o(.text)
    TI3_Config                               0x08000aa1   Thumb Code    72  stm32f4xx_tim.o(.text)
    TI2_Config                               0x08000b03   Thumb Code    90  stm32f4xx_tim.o(.text)
    TI1_Config                               0x08000b6f   Thumb Code    58  stm32f4xx_tim.o(.text)
    .text                                    0x08000f44   Section        0  stm32f4xx_rcc.o(.text)
    .text                                    0x080014cc   Section        0  stm32f4xx_exti.o(.text)
    .text                                    0x080015e8   Section        0  stm32f4xx_gpio.o(.text)
    .text                                    0x08001844   Section        0  stm32f4xx_dma.o(.text)
    .text                                    0x08001bec   Section        0  stm32f4xx_usart.o(.text)
    .text                                    0x08002006   Section        0  dadd.o(.text)
    .text                                    0x08002154   Section        0  dmul.o(.text)
    .text                                    0x08002238   Section        0  ddiv.o(.text)
    .text                                    0x08002316   Section        0  f2d.o(.text)
    .text                                    0x0800233c   Section        0  d2f.o(.text)
    .text                                    0x08002374   Section        0  uidiv.o(.text)
    .text                                    0x080023a0   Section        0  uldiv.o(.text)
    .text                                    0x08002402   Section        0  llshl.o(.text)
    .text                                    0x08002420   Section        0  llsshr.o(.text)
    .text                                    0x08002444   Section        0  fepilogue.o(.text)
    .text                                    0x08002444   Section        0  iusefp.o(.text)
    .text                                    0x080024b2   Section        0  depilogue.o(.text)
    .text                                    0x0800256c   Section        0  dsqrt.o(.text)
    .text                                    0x0800260e   Section        0  dfixul.o(.text)
    .text                                    0x08002640   Section       48  cdrcmple.o(.text)
    .text                                    0x08002670   Section       36  init.o(.text)
    .text                                    0x08002694   Section        0  llushr.o(.text)
    i.AGVRecv_send_Data                      0x080026b4   Section        0  agv_deal.o(i.AGVRecv_send_Data)
    i.Agv_EN                                 0x080027b8   Section        0  agv_handle.o(i.Agv_EN)
    i.Agv_Monitoring                         0x08002824   Section        0  agv_handle.o(i.Agv_Monitoring)
    i.Agv_Speed                              0x08002858   Section        0  agv_handle.o(i.Agv_Speed)
    i.BusFault_Handler                       0x08002a24   Section        0  stm32f4xx_it.o(i.BusFault_Handler)
    i.DMA1_Stream1_IRQHandler                0x08002a28   Section        0  stm32f4xx_usart_config.o(i.DMA1_Stream1_IRQHandler)
    i.DMA1_Stream3_IRQHandler                0x08002a6c   Section        0  stm32f4xx_usart_config.o(i.DMA1_Stream3_IRQHandler)
    i.DMA1_Stream5_IRQHandler                0x08002a8c   Section        0  stm32f4xx_it.o(i.DMA1_Stream5_IRQHandler)
    i.DMA2_Stream5_IRQHandler                0x08002c70   Section        0  stm32f4xx_usart_config.o(i.DMA2_Stream5_IRQHandler)
    i.DMA2_Stream7_IRQHandler                0x08002cac   Section        0  stm32f4xx_usart_config.o(i.DMA2_Stream7_IRQHandler)
    i.DebugMon_Handler                       0x08002ccc   Section        0  stm32f4xx_it.o(i.DebugMon_Handler)
    i.DmaSendDataProc                        0x08002cce   Section        0  stm32f4xx_usart_config.o(i.DmaSendDataProc)
    i.EXTI0_IRQHandler                       0x08002cfa   Section        0  stm32f4xx_it.o(i.EXTI0_IRQHandler)
    i.EXTI2_IRQHandler                       0x08002d18   Section        0  stm32f4xx_it.o(i.EXTI2_IRQHandler)
    i.EXTI3_IRQHandler                       0x08002d30   Section        0  stm32f4xx_it.o(i.EXTI3_IRQHandler)
    i.EXTI4_IRQHandler                       0x08002d68   Section        0  stm32f4xx_it.o(i.EXTI4_IRQHandler)
    i.HardFault_Handler                      0x08002d80   Section        0  stm32f4xx_it.o(i.HardFault_Handler)
    i.IIC1_Ack                               0x08002d84   Section        0  stm32f4xx_iic_config.o(i.IIC1_Ack)
    i.IIC1_Confugration                      0x08002dc4   Section        0  stm32f4xx_iic_config.o(i.IIC1_Confugration)
    i.IIC1_Delay                             0x08002e0c   Section        0  stm32f4xx_iic_config.o(i.IIC1_Delay)
    i.IIC1_ReadData                          0x08002e28   Section        0  stm32f4xx_iic_config.o(i.IIC1_ReadData)
    i.IIC1_ReadReg                           0x08002ee0   Section        0  stm32f4xx_iic_config.o(i.IIC1_ReadReg)
    i.IIC1_SDA_In                            0x08002f34   Section        0  stm32f4xx_iic_config.o(i.IIC1_SDA_In)
    i.IIC1_SDA_Out                           0x08002f5c   Section        0  stm32f4xx_iic_config.o(i.IIC1_SDA_Out)
    i.IIC1_Start                             0x08002f80   Section        0  stm32f4xx_iic_config.o(i.IIC1_Start)
    i.IIC1_Stop                              0x08002fb8   Section        0  stm32f4xx_iic_config.o(i.IIC1_Stop)
    i.IIC1_WaitAck                           0x08002ff0   Section        0  stm32f4xx_iic_config.o(i.IIC1_WaitAck)
    i.IIC1_WriteBit                          0x08003058   Section        0  stm32f4xx_iic_config.o(i.IIC1_WriteBit)
    i.IIC1_WriteBits                         0x0800309c   Section        0  stm32f4xx_iic_config.o(i.IIC1_WriteBits)
    i.IIC1_WriteData                         0x0800310c   Section        0  stm32f4xx_iic_config.o(i.IIC1_WriteData)
    i.IIC1_WriteReg                          0x08003190   Section        0  stm32f4xx_iic_config.o(i.IIC1_WriteReg)
    i.IMU_getQ                               0x080031ec   Section        0  bcbctrlimu.o(i.IMU_getQ)
    i.IMU_getYawPitchRoll                    0x08003328   Section        0  bcbctrlimu.o(i.IMU_getYawPitchRoll)
    i.IMU_init                               0x080035ec   Section        0  bcbctrlimu.o(i.IMU_init)
    i.MPU6050_Configuation                   0x0800366c   Section        0  bcbmpu6050driver.o(i.MPU6050_Configuation)
    i.MPU6050_NewValues                      0x080036e8   Section        0  bcbmpu6050driver.o(i.MPU6050_NewValues)
    i.MPU6050_SetClockSource                 0x080038fc   Section        0  bcbmpu6050driver.o(i.MPU6050_SetClockSource)
    i.MPU6050_SetFullScaleAccelRange         0x08003910   Section        0  bcbmpu6050driver.o(i.MPU6050_SetFullScaleAccelRange)
    i.MPU6050_SetFullScaleGyroRange          0x08003924   Section        0  bcbmpu6050driver.o(i.MPU6050_SetFullScaleGyroRange)
    i.MPU6050_SetI2CBypassEnabled            0x08003938   Section        0  bcbmpu6050driver.o(i.MPU6050_SetI2CBypassEnabled)
    i.MPU6050_SetI2CMasterModeEnabled        0x0800394a   Section        0  bcbmpu6050driver.o(i.MPU6050_SetI2CMasterModeEnabled)
    i.MPU6050_SetSleepEnabled                0x0800395c   Section        0  bcbmpu6050driver.o(i.MPU6050_SetSleepEnabled)
    i.MPU6050_getMotion6                     0x08003970   Section        0  bcbmpu6050driver.o(i.MPU6050_getMotion6)
    i.MahonyAHRSupdateIMU                    0x08003a8c   Section        0  bcbctrlimu.o(i.MahonyAHRSupdateIMU)
    i.MemManage_Handler                      0x08003e20   Section        0  stm32f4xx_it.o(i.MemManage_Handler)
    i.NMI_Handler                            0x08003e24   Section        0  stm32f4xx_it.o(i.NMI_Handler)
    i.SendBytesInfoProc                      0x08003e28   Section        0  stm32f4xx_usart_config.o(i.SendBytesInfoProc)
    i.SetSysClock                            0x08003e5c   Section        0  system_stm32f4xx.o(i.SetSysClock)
    SetSysClock                              0x08003e5d   Thumb Code   220  system_stm32f4xx.o(i.SetSysClock)
    i.SystemInit                             0x08003f48   Section        0  system_stm32f4xx.o(i.SystemInit)
    i.TIM2_Configuration                     0x08003fb0   Section        0  stm32f4xx_it.o(i.TIM2_Configuration)
    i.TIM2_IRQHandler                        0x08004004   Section        0  stm32f4xx_it.o(i.TIM2_IRQHandler)
    i.TIM2_Start                             0x08004022   Section        0  stm32f4xx_it.o(i.TIM2_Start)
    i.TIM3_Configuration                     0x08004038   Section        0  stm32f4xx_it.o(i.TIM3_Configuration)
    i.TIM3_IRQHandler                        0x08004094   Section        0  stm32f4xx_it.o(i.TIM3_IRQHandler)
    i.TIM3_Start                             0x08004124   Section        0  stm32f4xx_it.o(i.TIM3_Start)
    i.USART1_Configuration                   0x0800413c   Section        0  stm32f4xx_usart_config.o(i.USART1_Configuration)
    i.USART2_Configuration                   0x0800433c   Section        0  stm32f4xx_usart_config.o(i.USART2_Configuration)
    i.USART3_Configuration                   0x08004464   Section        0  stm32f4xx_usart_config.o(i.USART3_Configuration)
    i.UsageFault_Handler                     0x08004664   Section        0  stm32f4xx_it.o(i.UsageFault_Handler)
    i.__0printf                              0x08004668   Section        0  printfa.o(i.__0printf)
    i.__ARM_fpclassify                       0x08004688   Section        0  fpclassify.o(i.__ARM_fpclassify)
    i.__hardfp_asin                          0x080046b8   Section        0  asin.o(i.__hardfp_asin)
    i.__hardfp_atan                          0x08004a18   Section        0  atan.o(i.__hardfp_atan)
    i.__hardfp_atan2                         0x08004cf0   Section        0  atan2.o(i.__hardfp_atan2)
    i.__kernel_poly                          0x08004ee0   Section        0  poly.o(i.__kernel_poly)
    i.__mathlib_dbl_infnan                   0x08004fd8   Section        0  dunder.o(i.__mathlib_dbl_infnan)
    i.__mathlib_dbl_infnan2                  0x08004fec   Section        0  dunder.o(i.__mathlib_dbl_infnan2)
    i.__mathlib_dbl_invalid                  0x08005000   Section        0  dunder.o(i.__mathlib_dbl_invalid)
    i.__mathlib_dbl_underflow                0x08005020   Section        0  dunder.o(i.__mathlib_dbl_underflow)
    i.__scatterload_copy                     0x08005040   Section       14  handlers.o(i.__scatterload_copy)
    i.__scatterload_null                     0x0800504e   Section        2  handlers.o(i.__scatterload_null)
    i.__scatterload_zeroinit                 0x08005050   Section       14  handlers.o(i.__scatterload_zeroinit)
    i.__set_errno                            0x08005060   Section        0  errno.o(i.__set_errno)
    i._fp_digits                             0x0800506c   Section        0  printfa.o(i._fp_digits)
    _fp_digits                               0x0800506d   Thumb Code   334  printfa.o(i._fp_digits)
    i._printf_core                           0x080051d0   Section        0  printfa.o(i._printf_core)
    _printf_core                             0x080051d1   Thumb Code  1744  printfa.o(i._printf_core)
    i._printf_post_padding                   0x080058ac   Section        0  printfa.o(i._printf_post_padding)
    _printf_post_padding                     0x080058ad   Thumb Code    36  printfa.o(i._printf_post_padding)
    i._printf_pre_padding                    0x080058d0   Section        0  printfa.o(i._printf_pre_padding)
    _printf_pre_padding                      0x080058d1   Thumb Code    46  printfa.o(i._printf_pre_padding)
    i.atan                                   0x080058fe   Section        0  atan.o(i.atan)
    i.delay_ms                               0x0800590e   Section        0  delay.o(i.delay_ms)
    i.delay_us                               0x0800592a   Section        0  delay.o(i.delay_us)
    i.fabs                                   0x08005944   Section        0  fabs.o(i.fabs)
    i.fputc                                  0x0800595c   Section        0  stm32f4xx_usart_config.o(i.fputc)
    i.invSqrt                                0x08005980   Section        0  bcbctrlimu.o(i.invSqrt)
    i.main                                   0x080059bc   Section        0  app.o(i.main)
    i.sqrt                                   0x080059e8   Section        0  sqrt.o(i.sqrt)
    i.u1_DmaSendDataProc                     0x08005a56   Section        0  stm32f4xx_usart_config.o(i.u1_DmaSendDataProc)
    i.u1_SendBytesInfoProc                   0x08005a84   Section        0  stm32f4xx_usart_config.o(i.u1_SendBytesInfoProc)
    .constdata                               0x08005ab8   Section       80  asin.o(.constdata)
    pS                                       0x08005ab8   Data          48  asin.o(.constdata)
    qS                                       0x08005ae8   Data          32  asin.o(.constdata)
    .constdata                               0x08005b08   Section      152  atan.o(.constdata)
    atanhi                                   0x08005b08   Data          32  atan.o(.constdata)
    atanlo                                   0x08005b28   Data          32  atan.o(.constdata)
    aTodd                                    0x08005b48   Data          40  atan.o(.constdata)
    aTeven                                   0x08005b70   Data          48  atan.o(.constdata)
    .constdata                               0x08005ba0   Section        8  qnan.o(.constdata)
    .data                                    0x20000000   Section      112  agv_handle.o(.data)
    j                                        0x20000068   Data           4  agv_handle.o(.data)
    i                                        0x2000006c   Data           4  agv_handle.o(.data)
    .data                                    0x20000070   Section       20  stm32f4xx_it.o(.data)
    MARK                                     0x20000080   Data           4  stm32f4xx_it.o(.data)
    .data                                    0x20000084   Section       68  bcbctrlimu.o(.data)
    .data                                    0x200000c8   Section       20  bcbmpu6050driver.o(.data)
    .data                                    0x200000dc   Section       12  agv_deal.o(.data)
    .data                                    0x200000e8   Section       16  stm32f4xx_rcc.o(.data)
    APBAHBPrescTable                         0x200000e8   Data          16  stm32f4xx_rcc.o(.data)
    .data                                    0x200000f8   Section        4  stdout.o(.data)
    .data                                    0x200000fc   Section        4  errno.o(.data)
    _errno                                   0x200000fc   Data           4  errno.o(.data)
    .bss                                     0x20000100   Section      546  stm32f4xx_usart_config.o(.bss)
    .bss                                     0x20000324   Section       16  stm32f4xx_it.o(.bss)
    .bss                                     0x20000334   Section       36  bcbctrlimu.o(.bss)
    .bss                                     0x20000358   Section      172  bcbmpu6050driver.o(.bss)
    .bss                                     0x20000404   Section       25  agv_deal.o(.bss)
    STACK                                    0x20000420   Section     1024  startup_stm32f4xx.o(STACK)

    Global Symbols

    Symbol Name                              Value     Ov Type        Size  Object(Section)

    BuildAttributes$$THM_ISAv4$E$P$D$K$B$S$7EM$VFPi3$EXTD16$VFPS$VFMA$PE$A:L22UL41UL21$X:L11$S22US41US21$IEEE1$IW$USESV6$~STKCKD$USESV7$~SHL$OTIME$ROPI$IEEEX$EBA8$MICROLIB$REQ8$PRES8$EABIv2 0x00000000   Number         0  anon$$obj.o ABSOLUTE
    __ARM_use_no_argv                        0x00000000   Number         0  app.o ABSOLUTE
    __cpp_initialize__aeabi_                  - Undefined Weak Reference
    __cxa_finalize                            - Undefined Weak Reference
    __decompress                              - Undefined Weak Reference
    _clock_init                               - Undefined Weak Reference
    _microlib_exit                            - Undefined Weak Reference
    __Vectors_Size                           0x00000188   Number         0  startup_stm32f4xx.o ABSOLUTE
    __Vectors                                0x08000000   Data           4  startup_stm32f4xx.o(RESET)
    __Vectors_End                            0x08000188   Data           0  startup_stm32f4xx.o(RESET)
    __main                                   0x08000189   Thumb Code     0  entry.o(.ARM.Collect$$$$00000000)
    _main_stk                                0x08000189   Thumb Code     0  entry2.o(.ARM.Collect$$$$00000001)
    _main_scatterload                        0x0800018d   Thumb Code     0  entry5.o(.ARM.Collect$$$$00000004)
    __main_after_scatterload                 0x08000191   Thumb Code     0  entry5.o(.ARM.Collect$$$$00000004)
    _main_clock                              0x08000191   Thumb Code     0  entry7b.o(.ARM.Collect$$$$00000008)
    _main_cpp_init                           0x08000191   Thumb Code     0  entry8b.o(.ARM.Collect$$$$0000000A)
    _main_init                               0x08000191   Thumb Code     0  entry9a.o(.ARM.Collect$$$$0000000B)
    __rt_final_cpp                           0x08000199   Thumb Code     0  entry10a.o(.ARM.Collect$$$$0000000D)
    __rt_final_exit                          0x08000199   Thumb Code     0  entry11a.o(.ARM.Collect$$$$0000000F)
    Reset_Handler                            0x0800019d   Thumb Code     8  startup_stm32f4xx.o(.text)
    SVC_Handler                              0x080001af   Thumb Code     2  startup_stm32f4xx.o(.text)
    PendSV_Handler                           0x080001b3   Thumb Code     2  startup_stm32f4xx.o(.text)
    SysTick_Handler                          0x080001b5   Thumb Code     2  startup_stm32f4xx.o(.text)
    ADC_IRQHandler                           0x080001b7   Thumb Code     0  startup_stm32f4xx.o(.text)
    CAN1_RX0_IRQHandler                      0x080001b7   Thumb Code     0  startup_stm32f4xx.o(.text)
    CAN1_RX1_IRQHandler                      0x080001b7   Thumb Code     0  startup_stm32f4xx.o(.text)
    CAN1_SCE_IRQHandler                      0x080001b7   Thumb Code     0  startup_stm32f4xx.o(.text)
    CAN1_TX_IRQHandler                       0x080001b7   Thumb Code     0  startup_stm32f4xx.o(.text)
    CAN2_RX0_IRQHandler                      0x080001b7   Thumb Code     0  startup_stm32f4xx.o(.text)
    CAN2_RX1_IRQHandler                      0x080001b7   Thumb Code     0  startup_stm32f4xx.o(.text)
    CAN2_SCE_IRQHandler                      0x080001b7   Thumb Code     0  startup_stm32f4xx.o(.text)
    CAN2_TX_IRQHandler                       0x080001b7   Thumb Code     0  startup_stm32f4xx.o(.text)
    CRYP_IRQHandler                          0x080001b7   Thumb Code     0  startup_stm32f4xx.o(.text)
    DCMI_IRQHandler                          0x080001b7   Thumb Code     0  startup_stm32f4xx.o(.text)
    DMA1_Stream0_IRQHandler                  0x080001b7   Thumb Code     0  startup_stm32f4xx.o(.text)
    DMA1_Stream2_IRQHandler                  0x080001b7   Thumb Code     0  startup_stm32f4xx.o(.text)
    DMA1_Stream4_IRQHandler                  0x080001b7   Thumb Code     0  startup_stm32f4xx.o(.text)
    DMA1_Stream6_IRQHandler                  0x080001b7   Thumb Code     0  startup_stm32f4xx.o(.text)
    DMA1_Stream7_IRQHandler                  0x080001b7   Thumb Code     0  startup_stm32f4xx.o(.text)
    DMA2_Stream0_IRQHandler                  0x080001b7   Thumb Code     0  startup_stm32f4xx.o(.text)
    DMA2_Stream1_IRQHandler                  0x080001b7   Thumb Code     0  startup_stm32f4xx.o(.text)
    DMA2_Stream2_IRQHandler                  0x080001b7   Thumb Code     0  startup_stm32f4xx.o(.text)
    DMA2_Stream3_IRQHandler                  0x080001b7   Thumb Code     0  startup_stm32f4xx.o(.text)
    DMA2_Stream4_IRQHandler                  0x080001b7   Thumb Code     0  startup_stm32f4xx.o(.text)
    DMA2_Stream6_IRQHandler                  0x080001b7   Thumb Code     0  startup_stm32f4xx.o(.text)
    ETH_IRQHandler                           0x080001b7   Thumb Code     0  startup_stm32f4xx.o(.text)
    ETH_WKUP_IRQHandler                      0x080001b7   Thumb Code     0  startup_stm32f4xx.o(.text)
    EXTI15_10_IRQHandler                     0x080001b7   Thumb Code     0  startup_stm32f4xx.o(.text)
    EXTI1_IRQHandler                         0x080001b7   Thumb Code     0  startup_stm32f4xx.o(.text)
    EXTI9_5_IRQHandler                       0x080001b7   Thumb Code     0  startup_stm32f4xx.o(.text)
    FLASH_IRQHandler                         0x080001b7   Thumb Code     0  startup_stm32f4xx.o(.text)
    FPU_IRQHandler                           0x080001b7   Thumb Code     0  startup_stm32f4xx.o(.text)
    FSMC_IRQHandler                          0x080001b7   Thumb Code     0  startup_stm32f4xx.o(.text)
    HASH_RNG_IRQHandler                      0x080001b7   Thumb Code     0  startup_stm32f4xx.o(.text)
    I2C1_ER_IRQHandler                       0x080001b7   Thumb Code     0  startup_stm32f4xx.o(.text)
    I2C1_EV_IRQHandler                       0x080001b7   Thumb Code     0  startup_stm32f4xx.o(.text)
    I2C2_ER_IRQHandler                       0x080001b7   Thumb Code     0  startup_stm32f4xx.o(.text)
    I2C2_EV_IRQHandler                       0x080001b7   Thumb Code     0  startup_stm32f4xx.o(.text)
    I2C3_ER_IRQHandler                       0x080001b7   Thumb Code     0  startup_stm32f4xx.o(.text)
    I2C3_EV_IRQHandler                       0x080001b7   Thumb Code     0  startup_stm32f4xx.o(.text)
    OTG_FS_IRQHandler                        0x080001b7   Thumb Code     0  startup_stm32f4xx.o(.text)
    OTG_FS_WKUP_IRQHandler                   0x080001b7   Thumb Code     0  startup_stm32f4xx.o(.text)
    OTG_HS_EP1_IN_IRQHandler                 0x080001b7   Thumb Code     0  startup_stm32f4xx.o(.text)
    OTG_HS_EP1_OUT_IRQHandler                0x080001b7   Thumb Code     0  startup_stm32f4xx.o(.text)
    OTG_HS_IRQHandler                        0x080001b7   Thumb Code     0  startup_stm32f4xx.o(.text)
    OTG_HS_WKUP_IRQHandler                   0x080001b7   Thumb Code     0  startup_stm32f4xx.o(.text)
    PVD_IRQHandler                           0x080001b7   Thumb Code     0  startup_stm32f4xx.o(.text)
    RCC_IRQHandler                           0x080001b7   Thumb Code     0  startup_stm32f4xx.o(.text)
    RTC_Alarm_IRQHandler                     0x080001b7   Thumb Code     0  startup_stm32f4xx.o(.text)
    RTC_WKUP_IRQHandler                      0x080001b7   Thumb Code     0  startup_stm32f4xx.o(.text)
    SDIO_IRQHandler                          0x080001b7   Thumb Code     0  startup_stm32f4xx.o(.text)
    SPI1_IRQHandler                          0x080001b7   Thumb Code     0  startup_stm32f4xx.o(.text)
    SPI2_IRQHandler                          0x080001b7   Thumb Code     0  startup_stm32f4xx.o(.text)
    SPI3_IRQHandler                          0x080001b7   Thumb Code     0  startup_stm32f4xx.o(.text)
    TAMP_STAMP_IRQHandler                    0x080001b7   Thumb Code     0  startup_stm32f4xx.o(.text)
    TIM1_BRK_TIM9_IRQHandler                 0x080001b7   Thumb Code     0  startup_stm32f4xx.o(.text)
    TIM1_CC_IRQHandler                       0x080001b7   Thumb Code     0  startup_stm32f4xx.o(.text)
    TIM1_TRG_COM_TIM11_IRQHandler            0x080001b7   Thumb Code     0  startup_stm32f4xx.o(.text)
    TIM1_UP_TIM10_IRQHandler                 0x080001b7   Thumb Code     0  startup_stm32f4xx.o(.text)
    TIM4_IRQHandler                          0x080001b7   Thumb Code     0  startup_stm32f4xx.o(.text)
    TIM5_IRQHandler                          0x080001b7   Thumb Code     0  startup_stm32f4xx.o(.text)
    TIM6_DAC_IRQHandler                      0x080001b7   Thumb Code     0  startup_stm32f4xx.o(.text)
    TIM7_IRQHandler                          0x080001b7   Thumb Code     0  startup_stm32f4xx.o(.text)
    TIM8_BRK_TIM12_IRQHandler                0x080001b7   Thumb Code     0  startup_stm32f4xx.o(.text)
    TIM8_CC_IRQHandler                       0x080001b7   Thumb Code     0  startup_stm32f4xx.o(.text)
    TIM8_TRG_COM_TIM14_IRQHandler            0x080001b7   Thumb Code     0  startup_stm32f4xx.o(.text)
    TIM8_UP_TIM13_IRQHandler                 0x080001b7   Thumb Code     0  startup_stm32f4xx.o(.text)
    UART4_IRQHandler                         0x080001b7   Thumb Code     0  startup_stm32f4xx.o(.text)
    UART5_IRQHandler                         0x080001b7   Thumb Code     0  startup_stm32f4xx.o(.text)
    USART1_IRQHandler                        0x080001b7   Thumb Code     0  startup_stm32f4xx.o(.text)
    USART2_IRQHandler                        0x080001b7   Thumb Code     0  startup_stm32f4xx.o(.text)
    USART3_IRQHandler                        0x080001b7   Thumb Code     0  startup_stm32f4xx.o(.text)
    USART6_IRQHandler                        0x080001b7   Thumb Code     0  startup_stm32f4xx.o(.text)
    WWDG_IRQHandler                          0x080001b7   Thumb Code     0  startup_stm32f4xx.o(.text)
    NVIC_PriorityGroupConfig                 0x080001c1   Thumb Code    10  misc.o(.text)
    NVIC_Init                                0x080001cb   Thumb Code   106  misc.o(.text)
    NVIC_SetVectorTable                      0x08000235   Thumb Code    14  misc.o(.text)
    NVIC_SystemLPConfig                      0x08000243   Thumb Code    34  misc.o(.text)
    SysTick_CLKSourceConfig                  0x08000265   Thumb Code    40  misc.o(.text)
    TIM_DeInit                               0x080002a1   Thumb Code   346  stm32f4xx_tim.o(.text)
    TIM_TimeBaseInit                         0x080003fb   Thumb Code   104  stm32f4xx_tim.o(.text)
    TIM_TimeBaseStructInit                   0x08000463   Thumb Code    18  stm32f4xx_tim.o(.text)
    TIM_PrescalerConfig                      0x08000475   Thumb Code     6  stm32f4xx_tim.o(.text)
    TIM_CounterModeConfig                    0x0800047b   Thumb Code    18  stm32f4xx_tim.o(.text)
    TIM_SetCounter                           0x0800048d   Thumb Code     4  stm32f4xx_tim.o(.text)
    TIM_SetAutoreload                        0x08000491   Thumb Code     4  stm32f4xx_tim.o(.text)
    TIM_GetCounter                           0x08000495   Thumb Code     6  stm32f4xx_tim.o(.text)
    TIM_GetPrescaler                         0x0800049b   Thumb Code     6  stm32f4xx_tim.o(.text)
    TIM_UpdateDisableConfig                  0x080004a1   Thumb Code    24  stm32f4xx_tim.o(.text)
    TIM_UpdateRequestConfig                  0x080004b9   Thumb Code    24  stm32f4xx_tim.o(.text)
    TIM_ARRPreloadConfig                     0x080004d1   Thumb Code    24  stm32f4xx_tim.o(.text)
    TIM_SelectOnePulseMode                   0x080004e9   Thumb Code    18  stm32f4xx_tim.o(.text)
    TIM_SetClockDivision                     0x080004fb   Thumb Code    18  stm32f4xx_tim.o(.text)
    TIM_Cmd                                  0x0800050d   Thumb Code    24  stm32f4xx_tim.o(.text)
    TIM_OC1Init                              0x08000525   Thumb Code   114  stm32f4xx_tim.o(.text)
    TIM_OC2Init                              0x08000597   Thumb Code   154  stm32f4xx_tim.o(.text)
    TIM_OC3Init                              0x08000631   Thumb Code   204  stm32f4xx_tim.o(.text)
    TIM_OC4Init                              0x080006fd   Thumb Code   112  stm32f4xx_tim.o(.text)
    TIM_OCStructInit                         0x0800076d   Thumb Code    20  stm32f4xx_tim.o(.text)
    TIM_SelectOCxM                           0x08000781   Thumb Code    86  stm32f4xx_tim.o(.text)
    TIM_SetCompare1                          0x080007d7   Thumb Code     4  stm32f4xx_tim.o(.text)
    TIM_SetCompare2                          0x080007db   Thumb Code     4  stm32f4xx_tim.o(.text)
    TIM_SetCompare3                          0x080007df   Thumb Code     4  stm32f4xx_tim.o(.text)
    TIM_SetCompare4                          0x080007e3   Thumb Code     4  stm32f4xx_tim.o(.text)
    TIM_ForcedOC1Config                      0x080007e7   Thumb Code    18  stm32f4xx_tim.o(.text)
    TIM_ForcedOC2Config                      0x080007f9   Thumb Code    26  stm32f4xx_tim.o(.text)
    TIM_ForcedOC3Config                      0x08000813   Thumb Code    18  stm32f4xx_tim.o(.text)
    TIM_ForcedOC4Config                      0x08000825   Thumb Code    26  stm32f4xx_tim.o(.text)
    TIM_OC1PreloadConfig                     0x0800083f   Thumb Code    18  stm32f4xx_tim.o(.text)
    TIM_OC2PreloadConfig                     0x08000851   Thumb Code    26  stm32f4xx_tim.o(.text)
    TIM_OC3PreloadConfig                     0x0800086b   Thumb Code    18  stm32f4xx_tim.o(.text)
    TIM_OC4PreloadConfig                     0x0800087d   Thumb Code    26  stm32f4xx_tim.o(.text)
    TIM_OC1FastConfig                        0x08000897   Thumb Code    18  stm32f4xx_tim.o(.text)
    TIM_OC2FastConfig                        0x080008a9   Thumb Code    26  stm32f4xx_tim.o(.text)
    TIM_OC3FastConfig                        0x080008c3   Thumb Code    18  stm32f4xx_tim.o(.text)
    TIM_OC4FastConfig                        0x080008d5   Thumb Code    26  stm32f4xx_tim.o(.text)
    TIM_ClearOC1Ref                          0x080008ef   Thumb Code    18  stm32f4xx_tim.o(.text)
    TIM_ClearOC2Ref                          0x08000901   Thumb Code    24  stm32f4xx_tim.o(.text)
    TIM_ClearOC3Ref                          0x08000919   Thumb Code    18  stm32f4xx_tim.o(.text)
    TIM_ClearOC4Ref                          0x0800092b   Thumb Code    24  stm32f4xx_tim.o(.text)
    TIM_OC1PolarityConfig                    0x08000943   Thumb Code    18  stm32f4xx_tim.o(.text)
    TIM_OC1NPolarityConfig                   0x08000955   Thumb Code    18  stm32f4xx_tim.o(.text)
    TIM_OC2PolarityConfig                    0x08000967   Thumb Code    26  stm32f4xx_tim.o(.text)
    TIM_OC2NPolarityConfig                   0x08000981   Thumb Code    26  stm32f4xx_tim.o(.text)
    TIM_OC3PolarityConfig                    0x0800099b   Thumb Code    26  stm32f4xx_tim.o(.text)
    TIM_OC3NPolarityConfig                   0x080009b5   Thumb Code    26  stm32f4xx_tim.o(.text)
    TIM_OC4PolarityConfig                    0x080009cf   Thumb Code    26  stm32f4xx_tim.o(.text)
    TIM_CCxCmd                               0x080009e9   Thumb Code    30  stm32f4xx_tim.o(.text)
    TIM_CCxNCmd                              0x08000a07   Thumb Code    30  stm32f4xx_tim.o(.text)
    TIM_SetIC4Prescaler                      0x08000a25   Thumb Code    26  stm32f4xx_tim.o(.text)
    TIM_SetIC3Prescaler                      0x08000a8f   Thumb Code    18  stm32f4xx_tim.o(.text)
    TIM_SetIC2Prescaler                      0x08000ae9   Thumb Code    26  stm32f4xx_tim.o(.text)
    TIM_SetIC1Prescaler                      0x08000b5d   Thumb Code    18  stm32f4xx_tim.o(.text)
    TIM_ICInit                               0x08000ba9   Thumb Code   110  stm32f4xx_tim.o(.text)
    TIM_ICStructInit                         0x08000c17   Thumb Code    18  stm32f4xx_tim.o(.text)
    TIM_PWMIConfig                           0x08000c29   Thumb Code   124  stm32f4xx_tim.o(.text)
    TIM_GetCapture1                          0x08000ca5   Thumb Code     6  stm32f4xx_tim.o(.text)
    TIM_GetCapture2                          0x08000cab   Thumb Code     6  stm32f4xx_tim.o(.text)
    TIM_GetCapture3                          0x08000cb1   Thumb Code     6  stm32f4xx_tim.o(.text)
    TIM_GetCapture4                          0x08000cb7   Thumb Code     6  stm32f4xx_tim.o(.text)
    TIM_BDTRConfig                           0x08000cbd   Thumb Code    32  stm32f4xx_tim.o(.text)
    TIM_BDTRStructInit                       0x08000cdd   Thumb Code    18  stm32f4xx_tim.o(.text)
    TIM_CtrlPWMOutputs                       0x08000cef   Thumb Code    30  stm32f4xx_tim.o(.text)
    TIM_SelectCOM                            0x08000d0d   Thumb Code    24  stm32f4xx_tim.o(.text)
    TIM_CCPreloadControl                     0x08000d25   Thumb Code    24  stm32f4xx_tim.o(.text)
    TIM_ITConfig                             0x08000d3d   Thumb Code    18  stm32f4xx_tim.o(.text)
    TIM_GenerateEvent                        0x08000d4f   Thumb Code     4  stm32f4xx_tim.o(.text)
    TIM_GetFlagStatus                        0x08000d53   Thumb Code    18  stm32f4xx_tim.o(.text)
    TIM_ClearFlag                            0x08000d65   Thumb Code     6  stm32f4xx_tim.o(.text)
    TIM_GetITStatus                          0x08000d6b   Thumb Code    34  stm32f4xx_tim.o(.text)
    TIM_ClearITPendingBit                    0x08000d8d   Thumb Code     6  stm32f4xx_tim.o(.text)
    TIM_DMAConfig                            0x08000d93   Thumb Code    10  stm32f4xx_tim.o(.text)
    TIM_DMACmd                               0x08000d9d   Thumb Code    18  stm32f4xx_tim.o(.text)
    TIM_SelectCCDMA                          0x08000daf   Thumb Code    24  stm32f4xx_tim.o(.text)
    TIM_InternalClockConfig                  0x08000dc7   Thumb Code    12  stm32f4xx_tim.o(.text)
    TIM_SelectInputTrigger                   0x08000dd3   Thumb Code    18  stm32f4xx_tim.o(.text)
    TIM_ITRxExternalClockConfig              0x08000de5   Thumb Code    24  stm32f4xx_tim.o(.text)
    TIM_TIxExternalClockConfig               0x08000dfd   Thumb Code    62  stm32f4xx_tim.o(.text)
    TIM_ETRConfig                            0x08000e3b   Thumb Code    28  stm32f4xx_tim.o(.text)
    TIM_ETRClockMode1Config                  0x08000e57   Thumb Code    54  stm32f4xx_tim.o(.text)
    TIM_ETRClockMode2Config                  0x08000e8d   Thumb Code    32  stm32f4xx_tim.o(.text)
    TIM_SelectOutputTrigger                  0x08000ead   Thumb Code    18  stm32f4xx_tim.o(.text)
    TIM_SelectSlaveMode                      0x08000ebf   Thumb Code    18  stm32f4xx_tim.o(.text)
    TIM_SelectMasterSlaveMode                0x08000ed1   Thumb Code    18  stm32f4xx_tim.o(.text)
    TIM_EncoderInterfaceConfig               0x08000ee3   Thumb Code    66  stm32f4xx_tim.o(.text)
    TIM_SelectHallSensor                     0x08000f25   Thumb Code    24  stm32f4xx_tim.o(.text)
    TIM_RemapConfig                          0x08000f3d   Thumb Code     6  stm32f4xx_tim.o(.text)
    RCC_DeInit                               0x08000f45   Thumb Code    60  stm32f4xx_rcc.o(.text)
    RCC_HSEConfig                            0x08000f81   Thumb Code    14  stm32f4xx_rcc.o(.text)
    RCC_GetFlagStatus                        0x08000f8f   Thumb Code    60  stm32f4xx_rcc.o(.text)
    RCC_WaitForHSEStartUp                    0x08000fcb   Thumb Code    56  stm32f4xx_rcc.o(.text)
    RCC_AdjustHSICalibrationValue            0x08001003   Thumb Code    20  stm32f4xx_rcc.o(.text)
    RCC_HSICmd                               0x08001017   Thumb Code     6  stm32f4xx_rcc.o(.text)
    RCC_LSEConfig                            0x0800101d   Thumb Code    46  stm32f4xx_rcc.o(.text)
    RCC_LSICmd                               0x0800104b   Thumb Code     6  stm32f4xx_rcc.o(.text)
    RCC_PLLConfig                            0x08001051   Thumb Code    32  stm32f4xx_rcc.o(.text)
    RCC_PLLCmd                               0x08001071   Thumb Code     6  stm32f4xx_rcc.o(.text)
    RCC_PLLI2SConfig                         0x08001077   Thumb Code    14  stm32f4xx_rcc.o(.text)
    RCC_PLLI2SCmd                            0x08001085   Thumb Code     6  stm32f4xx_rcc.o(.text)
    RCC_ClockSecuritySystemCmd               0x0800108b   Thumb Code     6  stm32f4xx_rcc.o(.text)
    RCC_MCO1Config                           0x08001091   Thumb Code    28  stm32f4xx_rcc.o(.text)
    RCC_MCO2Config                           0x080010ad   Thumb Code    28  stm32f4xx_rcc.o(.text)
    RCC_SYSCLKConfig                         0x080010c9   Thumb Code    20  stm32f4xx_rcc.o(.text)
    RCC_GetSYSCLKSource                      0x080010dd   Thumb Code    12  stm32f4xx_rcc.o(.text)
    RCC_HCLKConfig                           0x080010e9   Thumb Code    20  stm32f4xx_rcc.o(.text)
    RCC_PCLK1Config                          0x080010fd   Thumb Code    20  stm32f4xx_rcc.o(.text)
    RCC_PCLK2Config                          0x08001111   Thumb Code    22  stm32f4xx_rcc.o(.text)
    RCC_GetClocksFreq                        0x08001127   Thumb Code   222  stm32f4xx_rcc.o(.text)
    RCC_RTCCLKConfig                         0x08001205   Thumb Code    54  stm32f4xx_rcc.o(.text)
    RCC_RTCCLKCmd                            0x0800123b   Thumb Code     8  stm32f4xx_rcc.o(.text)
    RCC_BackupResetCmd                       0x08001243   Thumb Code     8  stm32f4xx_rcc.o(.text)
    RCC_I2SCLKConfig                         0x0800124b   Thumb Code     6  stm32f4xx_rcc.o(.text)
    RCC_AHB1PeriphClockCmd                   0x08001251   Thumb Code    34  stm32f4xx_rcc.o(.text)
    RCC_AHB2PeriphClockCmd                   0x08001273   Thumb Code    34  stm32f4xx_rcc.o(.text)
    RCC_AHB3PeriphClockCmd                   0x08001295   Thumb Code    34  stm32f4xx_rcc.o(.text)
    RCC_APB1PeriphClockCmd                   0x080012b7   Thumb Code    34  stm32f4xx_rcc.o(.text)
    RCC_APB2PeriphClockCmd                   0x080012d9   Thumb Code    34  stm32f4xx_rcc.o(.text)
    RCC_AHB1PeriphResetCmd                   0x080012fb   Thumb Code    34  stm32f4xx_rcc.o(.text)
    RCC_AHB2PeriphResetCmd                   0x0800131d   Thumb Code    72  stm32f4xx_rcc.o(.text)
    RCC_AHB3PeriphResetCmd                   0x08001365   Thumb Code    34  stm32f4xx_rcc.o(.text)
    RCC_APB1PeriphResetCmd                   0x08001387   Thumb Code    34  stm32f4xx_rcc.o(.text)
    RCC_APB2PeriphResetCmd                   0x080013a9   Thumb Code    34  stm32f4xx_rcc.o(.text)
    RCC_AHB1PeriphClockLPModeCmd             0x080013cb   Thumb Code    34  stm32f4xx_rcc.o(.text)
    RCC_AHB2PeriphClockLPModeCmd             0x080013ed   Thumb Code    34  stm32f4xx_rcc.o(.text)
    RCC_AHB3PeriphClockLPModeCmd             0x0800140f   Thumb Code    34  stm32f4xx_rcc.o(.text)
    RCC_APB1PeriphClockLPModeCmd             0x08001431   Thumb Code    34  stm32f4xx_rcc.o(.text)
    RCC_APB2PeriphClockLPModeCmd             0x08001453   Thumb Code    34  stm32f4xx_rcc.o(.text)
    RCC_ITConfig                             0x08001475   Thumb Code    34  stm32f4xx_rcc.o(.text)
    RCC_ClearFlag                            0x08001497   Thumb Code    18  stm32f4xx_rcc.o(.text)
    RCC_GetITStatus                          0x080014a9   Thumb Code    22  stm32f4xx_rcc.o(.text)
    RCC_ClearITPendingBit                    0x080014bf   Thumb Code     8  stm32f4xx_rcc.o(.text)
    EXTI_DeInit                              0x080014cd   Thumb Code    28  stm32f4xx_exti.o(.text)
    EXTI_Init                                0x080014e9   Thumb Code   142  stm32f4xx_exti.o(.text)
    EXTI_StructInit                          0x08001577   Thumb Code    16  stm32f4xx_exti.o(.text)
    EXTI_GenerateSWInterrupt                 0x08001587   Thumb Code    16  stm32f4xx_exti.o(.text)
    EXTI_GetFlagStatus                       0x08001597   Thumb Code    22  stm32f4xx_exti.o(.text)
    EXTI_ClearFlag                           0x080015ad   Thumb Code     8  stm32f4xx_exti.o(.text)
    EXTI_GetITStatus                         0x080015b5   Thumb Code    34  stm32f4xx_exti.o(.text)
    EXTI_ClearITPendingBit                   0x080015d7   Thumb Code     8  stm32f4xx_exti.o(.text)
    GPIO_DeInit                              0x080015e9   Thumb Code   220  stm32f4xx_gpio.o(.text)
    GPIO_Init                                0x080016c5   Thumb Code   144  stm32f4xx_gpio.o(.text)
    GPIO_StructInit                          0x08001755   Thumb Code    18  stm32f4xx_gpio.o(.text)
    GPIO_PinLockConfig                       0x08001767   Thumb Code    34  stm32f4xx_gpio.o(.text)
    GPIO_ReadInputDataBit                    0x08001789   Thumb Code    18  stm32f4xx_gpio.o(.text)
    GPIO_ReadInputData                       0x0800179b   Thumb Code     8  stm32f4xx_gpio.o(.text)
    GPIO_ReadOutputDataBit                   0x080017a3   Thumb Code    18  stm32f4xx_gpio.o(.text)
    GPIO_ReadOutputData                      0x080017b5   Thumb Code     8  stm32f4xx_gpio.o(.text)
    GPIO_SetBits                             0x080017bd   Thumb Code     4  stm32f4xx_gpio.o(.text)
    GPIO_ResetBits                           0x080017c1   Thumb Code     4  stm32f4xx_gpio.o(.text)
    GPIO_WriteBit                            0x080017c5   Thumb Code    10  stm32f4xx_gpio.o(.text)
    GPIO_Write                               0x080017cf   Thumb Code     4  stm32f4xx_gpio.o(.text)
    GPIO_ToggleBits                          0x080017d3   Thumb Code     8  stm32f4xx_gpio.o(.text)
    GPIO_PinAFConfig                         0x080017db   Thumb Code    70  stm32f4xx_gpio.o(.text)
    DMA_DeInit                               0x08001845   Thumb Code   324  stm32f4xx_dma.o(.text)
    DMA_Init                                 0x08001989   Thumb Code    82  stm32f4xx_dma.o(.text)
    DMA_StructInit                           0x080019db   Thumb Code    34  stm32f4xx_dma.o(.text)
    DMA_Cmd                                  0x080019fd   Thumb Code    22  stm32f4xx_dma.o(.text)
    DMA_PeriphIncOffsetSizeConfig            0x08001a13   Thumb Code    22  stm32f4xx_dma.o(.text)
    DMA_FlowControllerConfig                 0x08001a29   Thumb Code    22  stm32f4xx_dma.o(.text)
    DMA_SetCurrDataCounter                   0x08001a3f   Thumb Code     4  stm32f4xx_dma.o(.text)
    DMA_GetCurrDataCounter                   0x08001a43   Thumb Code     8  stm32f4xx_dma.o(.text)
    DMA_DoubleBufferModeConfig               0x08001a4b   Thumb Code    24  stm32f4xx_dma.o(.text)
    DMA_DoubleBufferModeCmd                  0x08001a63   Thumb Code    22  stm32f4xx_dma.o(.text)
    DMA_MemoryTargetConfig                   0x08001a79   Thumb Code    10  stm32f4xx_dma.o(.text)
    DMA_GetCurrentMemoryTarget               0x08001a83   Thumb Code    20  stm32f4xx_dma.o(.text)
    DMA_GetCmdStatus                         0x08001a97   Thumb Code    20  stm32f4xx_dma.o(.text)
    DMA_GetFIFOStatus                        0x08001aab   Thumb Code    12  stm32f4xx_dma.o(.text)
    DMA_GetFlagStatus                        0x08001ab7   Thumb Code    56  stm32f4xx_dma.o(.text)
    DMA_ClearFlag                            0x08001aef   Thumb Code    40  stm32f4xx_dma.o(.text)
    DMA_ITConfig                             0x08001b17   Thumb Code    58  stm32f4xx_dma.o(.text)
    DMA_GetITStatus                          0x08001b51   Thumb Code    84  stm32f4xx_dma.o(.text)
    DMA_ClearITPendingBit                    0x08001ba5   Thumb Code    40  stm32f4xx_dma.o(.text)
    USART_DeInit                             0x08001bed   Thumb Code   156  stm32f4xx_usart.o(.text)
    USART_Init                               0x08001c89   Thumb Code   204  stm32f4xx_usart.o(.text)
    USART_StructInit                         0x08001d55   Thumb Code    24  stm32f4xx_usart.o(.text)
    USART_ClockInit                          0x08001d6d   Thumb Code    32  stm32f4xx_usart.o(.text)
    USART_ClockStructInit                    0x08001d8d   Thumb Code    12  stm32f4xx_usart.o(.text)
    USART_Cmd                                0x08001d99   Thumb Code    24  stm32f4xx_usart.o(.text)
    USART_SetPrescaler                       0x08001db1   Thumb Code    16  stm32f4xx_usart.o(.text)
    USART_OverSampling8Cmd                   0x08001dc1   Thumb Code    22  stm32f4xx_usart.o(.text)
    USART_OneBitMethodCmd                    0x08001dd7   Thumb Code    24  stm32f4xx_usart.o(.text)
    USART_SendData                           0x08001def   Thumb Code     8  stm32f4xx_usart.o(.text)
    USART_ReceiveData                        0x08001df7   Thumb Code    10  stm32f4xx_usart.o(.text)
    USART_SetAddress                         0x08001e01   Thumb Code    18  stm32f4xx_usart.o(.text)
    USART_ReceiverWakeUpCmd                  0x08001e13   Thumb Code    24  stm32f4xx_usart.o(.text)
    USART_WakeUpConfig                       0x08001e2b   Thumb Code    18  stm32f4xx_usart.o(.text)
    USART_LINBreakDetectLengthConfig         0x08001e3d   Thumb Code    18  stm32f4xx_usart.o(.text)
    USART_LINCmd                             0x08001e4f   Thumb Code    24  stm32f4xx_usart.o(.text)
    USART_SendBreak                          0x08001e67   Thumb Code    10  stm32f4xx_usart.o(.text)
    USART_HalfDuplexCmd                      0x08001e71   Thumb Code    24  stm32f4xx_usart.o(.text)
    USART_SetGuardTime                       0x08001e89   Thumb Code    16  stm32f4xx_usart.o(.text)
    USART_SmartCardCmd                       0x08001e99   Thumb Code    24  stm32f4xx_usart.o(.text)
    USART_SmartCardNACKCmd                   0x08001eb1   Thumb Code    24  stm32f4xx_usart.o(.text)
    USART_IrDAConfig                         0x08001ec9   Thumb Code    18  stm32f4xx_usart.o(.text)
    USART_IrDACmd                            0x08001edb   Thumb Code    24  stm32f4xx_usart.o(.text)
    USART_DMACmd                             0x08001ef3   Thumb Code    18  stm32f4xx_usart.o(.text)
    USART_ITConfig                           0x08001f05   Thumb Code    74  stm32f4xx_usart.o(.text)
    USART_GetFlagStatus                      0x08001f4f   Thumb Code    26  stm32f4xx_usart.o(.text)
    USART_ClearFlag                          0x08001f69   Thumb Code    18  stm32f4xx_usart.o(.text)
    USART_GetITStatus                        0x08001f7b   Thumb Code   110  stm32f4xx_usart.o(.text)
    USART_ClearITPendingBit                  0x08001fe9   Thumb Code    30  stm32f4xx_usart.o(.text)
    __aeabi_dadd                             0x08002007   Thumb Code   322  dadd.o(.text)
    __aeabi_dsub                             0x08002149   Thumb Code     6  dadd.o(.text)
    __aeabi_drsub                            0x0800214f   Thumb Code     6  dadd.o(.text)
    __aeabi_dmul                             0x08002155   Thumb Code   228  dmul.o(.text)
    __aeabi_ddiv                             0x08002239   Thumb Code   222  ddiv.o(.text)
    __aeabi_f2d                              0x08002317   Thumb Code    38  f2d.o(.text)
    __aeabi_d2f                              0x0800233d   Thumb Code    56  d2f.o(.text)
    __aeabi_uidiv                            0x08002375   Thumb Code     0  uidiv.o(.text)
    __aeabi_uidivmod                         0x08002375   Thumb Code    44  uidiv.o(.text)
    __aeabi_uldivmod                         0x080023a1   Thumb Code    98  uldiv.o(.text)
    __aeabi_llsl                             0x08002403   Thumb Code    30  llshl.o(.text)
    _ll_shift_l                              0x08002403   Thumb Code     0  llshl.o(.text)
    __aeabi_lasr                             0x08002421   Thumb Code    36  llsshr.o(.text)
    _ll_sshift_r                             0x08002421   Thumb Code     0  llsshr.o(.text)
    __I$use$fp                               0x08002445   Thumb Code     0  iusefp.o(.text)
    _float_round                             0x08002445   Thumb Code    18  fepilogue.o(.text)
    _float_epilogue                          0x08002457   Thumb Code    92  fepilogue.o(.text)
    _double_round                            0x080024b3   Thumb Code    30  depilogue.o(.text)
    _double_epilogue                         0x080024d1   Thumb Code   156  depilogue.o(.text)
    _dsqrt                                   0x0800256d   Thumb Code   162  dsqrt.o(.text)
    __aeabi_d2ulz                            0x0800260f   Thumb Code    48  dfixul.o(.text)
    __aeabi_cdrcmple                         0x08002641   Thumb Code    48  cdrcmple.o(.text)
    __scatterload                            0x08002671   Thumb Code    28  init.o(.text)
    __scatterload_rt2                        0x08002671   Thumb Code     0  init.o(.text)
    __aeabi_llsr                             0x08002695   Thumb Code    32  llushr.o(.text)
    _ll_ushift_r                             0x08002695   Thumb Code     0  llushr.o(.text)
    AGVRecv_send_Data                        0x080026b5   Thumb Code   242  agv_deal.o(i.AGVRecv_send_Data)
    Agv_EN                                   0x080027b9   Thumb Code    86  agv_handle.o(i.Agv_EN)
    Agv_Monitoring                           0x08002825   Thumb Code    40  agv_handle.o(i.Agv_Monitoring)
    Agv_Speed                                0x08002859   Thumb Code   446  agv_handle.o(i.Agv_Speed)
    BusFault_Handler                         0x08002a25   Thumb Code     4  stm32f4xx_it.o(i.BusFault_Handler)
    DMA1_Stream1_IRQHandler                  0x08002a29   Thumb Code    52  stm32f4xx_usart_config.o(i.DMA1_Stream1_IRQHandler)
    DMA1_Stream3_IRQHandler                  0x08002a6d   Thumb Code    26  stm32f4xx_usart_config.o(i.DMA1_Stream3_IRQHandler)
    DMA1_Stream5_IRQHandler                  0x08002a8d   Thumb Code   444  stm32f4xx_it.o(i.DMA1_Stream5_IRQHandler)
    DMA2_Stream5_IRQHandler                  0x08002c71   Thumb Code    46  stm32f4xx_usart_config.o(i.DMA2_Stream5_IRQHandler)
    DMA2_Stream7_IRQHandler                  0x08002cad   Thumb Code    26  stm32f4xx_usart_config.o(i.DMA2_Stream7_IRQHandler)
    DebugMon_Handler                         0x08002ccd   Thumb Code     2  stm32f4xx_it.o(i.DebugMon_Handler)
    DmaSendDataProc                          0x08002ccf   Thumb Code    44  stm32f4xx_usart_config.o(i.DmaSendDataProc)
    EXTI0_IRQHandler                         0x08002cfb   Thumb Code    30  stm32f4xx_it.o(i.EXTI0_IRQHandler)
    EXTI2_IRQHandler                         0x08002d19   Thumb Code    24  stm32f4xx_it.o(i.EXTI2_IRQHandler)
    EXTI3_IRQHandler                         0x08002d31   Thumb Code    48  stm32f4xx_it.o(i.EXTI3_IRQHandler)
    EXTI4_IRQHandler                         0x08002d69   Thumb Code    24  stm32f4xx_it.o(i.EXTI4_IRQHandler)
    HardFault_Handler                        0x08002d81   Thumb Code     4  stm32f4xx_it.o(i.HardFault_Handler)
    IIC1_Ack                                 0x08002d85   Thumb Code    58  stm32f4xx_iic_config.o(i.IIC1_Ack)
    IIC1_Confugration                        0x08002dc5   Thumb Code    68  stm32f4xx_iic_config.o(i.IIC1_Confugration)
    IIC1_Delay                               0x08002e0d   Thumb Code    26  stm32f4xx_iic_config.o(i.IIC1_Delay)
    IIC1_ReadData                            0x08002e29   Thumb Code   146  stm32f4xx_iic_config.o(i.IIC1_ReadData)
    IIC1_ReadReg                             0x08002ee1   Thumb Code    78  stm32f4xx_iic_config.o(i.IIC1_ReadReg)
    IIC1_SDA_In                              0x08002f35   Thumb Code    36  stm32f4xx_iic_config.o(i.IIC1_SDA_In)
    IIC1_SDA_Out                             0x08002f5d   Thumb Code    32  stm32f4xx_iic_config.o(i.IIC1_SDA_Out)
    IIC1_Start                               0x08002f81   Thumb Code    52  stm32f4xx_iic_config.o(i.IIC1_Start)
    IIC1_Stop                                0x08002fb9   Thumb Code    52  stm32f4xx_iic_config.o(i.IIC1_Stop)
    IIC1_WaitAck                             0x08002ff1   Thumb Code    86  stm32f4xx_iic_config.o(i.IIC1_WaitAck)
    IIC1_WriteBit                            0x08003059   Thumb Code    68  stm32f4xx_iic_config.o(i.IIC1_WriteBit)
    IIC1_WriteBits                           0x0800309d   Thumb Code   110  stm32f4xx_iic_config.o(i.IIC1_WriteBits)
    IIC1_WriteData                           0x0800310d   Thumb Code    94  stm32f4xx_iic_config.o(i.IIC1_WriteData)
    IIC1_WriteReg                            0x08003191   Thumb Code    86  stm32f4xx_iic_config.o(i.IIC1_WriteReg)
    IMU_getQ                                 0x080031ed   Thumb Code   284  bcbctrlimu.o(i.IMU_getQ)
    IMU_getYawPitchRoll                      0x08003329   Thumb Code   666  bcbctrlimu.o(i.IMU_getYawPitchRoll)
    IMU_init                                 0x080035ed   Thumb Code    96  bcbctrlimu.o(i.IMU_init)
    MPU6050_Configuation                     0x0800366d   Thumb Code   124  bcbmpu6050driver.o(i.MPU6050_Configuation)
    MPU6050_NewValues                        0x080036e9   Thumb Code   518  bcbmpu6050driver.o(i.MPU6050_NewValues)
    MPU6050_SetClockSource                   0x080038fd   Thumb Code    20  bcbmpu6050driver.o(i.MPU6050_SetClockSource)
    MPU6050_SetFullScaleAccelRange           0x08003911   Thumb Code    20  bcbmpu6050driver.o(i.MPU6050_SetFullScaleAccelRange)
    MPU6050_SetFullScaleGyroRange            0x08003925   Thumb Code    20  bcbmpu6050driver.o(i.MPU6050_SetFullScaleGyroRange)
    MPU6050_SetI2CBypassEnabled              0x08003939   Thumb Code    18  bcbmpu6050driver.o(i.MPU6050_SetI2CBypassEnabled)
    MPU6050_SetI2CMasterModeEnabled          0x0800394b   Thumb Code    18  bcbmpu6050driver.o(i.MPU6050_SetI2CMasterModeEnabled)
    MPU6050_SetSleepEnabled                  0x0800395d   Thumb Code    18  bcbmpu6050driver.o(i.MPU6050_SetSleepEnabled)
    MPU6050_getMotion6                       0x08003971   Thumb Code   238  bcbmpu6050driver.o(i.MPU6050_getMotion6)
    MahonyAHRSupdateIMU                      0x08003a8d   Thumb Code   870  bcbctrlimu.o(i.MahonyAHRSupdateIMU)
    MemManage_Handler                        0x08003e21   Thumb Code     4  stm32f4xx_it.o(i.MemManage_Handler)
    NMI_Handler                              0x08003e25   Thumb Code     2  stm32f4xx_it.o(i.NMI_Handler)
    SendBytesInfoProc                        0x08003e29   Thumb Code    44  stm32f4xx_usart_config.o(i.SendBytesInfoProc)
    SystemInit                               0x08003f49   Thumb Code    88  system_stm32f4xx.o(i.SystemInit)
    TIM2_Configuration                       0x08003fb1   Thumb Code    84  stm32f4xx_it.o(i.TIM2_Configuration)
    TIM2_IRQHandler                          0x08004005   Thumb Code    30  stm32f4xx_it.o(i.TIM2_IRQHandler)
    TIM2_Start                               0x08004023   Thumb Code    20  stm32f4xx_it.o(i.TIM2_Start)
    TIM3_Configuration                       0x08004039   Thumb Code    86  stm32f4xx_it.o(i.TIM3_Configuration)
    TIM3_IRQHandler                          0x08004095   Thumb Code   128  stm32f4xx_it.o(i.TIM3_IRQHandler)
    TIM3_Start                               0x08004125   Thumb Code    20  stm32f4xx_it.o(i.TIM3_Start)
    USART1_Configuration                     0x0800413d   Thumb Code   490  stm32f4xx_usart_config.o(i.USART1_Configuration)
    USART2_Configuration                     0x0800433d   Thumb Code   270  stm32f4xx_usart_config.o(i.USART2_Configuration)
    USART3_Configuration                     0x08004465   Thumb Code   490  stm32f4xx_usart_config.o(i.USART3_Configuration)
    UsageFault_Handler                       0x08004665   Thumb Code     4  stm32f4xx_it.o(i.UsageFault_Handler)
    __0printf                                0x08004669   Thumb Code    22  printfa.o(i.__0printf)
    __1printf                                0x08004669   Thumb Code     0  printfa.o(i.__0printf)
    __2printf                                0x08004669   Thumb Code     0  printfa.o(i.__0printf)
    __c89printf                              0x08004669   Thumb Code     0  printfa.o(i.__0printf)
    printf                                   0x08004669   Thumb Code     0  printfa.o(i.__0printf)
    __ARM_fpclassify                         0x08004689   Thumb Code    48  fpclassify.o(i.__ARM_fpclassify)
    __hardfp_asin                            0x080046b9   Thumb Code   770  asin.o(i.__hardfp_asin)
    __hardfp_atan                            0x08004a19   Thumb Code   622  atan.o(i.__hardfp_atan)
    __hardfp_atan2                           0x08004cf1   Thumb Code   432  atan2.o(i.__hardfp_atan2)
    __kernel_poly                            0x08004ee1   Thumb Code   248  poly.o(i.__kernel_poly)
    __mathlib_dbl_infnan                     0x08004fd9   Thumb Code    20  dunder.o(i.__mathlib_dbl_infnan)
    __mathlib_dbl_infnan2                    0x08004fed   Thumb Code    20  dunder.o(i.__mathlib_dbl_infnan2)
    __mathlib_dbl_invalid                    0x08005001   Thumb Code    24  dunder.o(i.__mathlib_dbl_invalid)
    __mathlib_dbl_underflow                  0x08005021   Thumb Code    24  dunder.o(i.__mathlib_dbl_underflow)
    __scatterload_copy                       0x08005041   Thumb Code    14  handlers.o(i.__scatterload_copy)
    __scatterload_null                       0x0800504f   Thumb Code     2  handlers.o(i.__scatterload_null)
    __scatterload_zeroinit                   0x08005051   Thumb Code    14  handlers.o(i.__scatterload_zeroinit)
    __set_errno                              0x08005061   Thumb Code     6  errno.o(i.__set_errno)
    atan                                     0x080058ff   Thumb Code    16  atan.o(i.atan)
    delay_ms                                 0x0800590f   Thumb Code    28  delay.o(i.delay_ms)
    delay_us                                 0x0800592b   Thumb Code    26  delay.o(i.delay_us)
    fabs                                     0x08005945   Thumb Code    24  fabs.o(i.fabs)
    fputc                                    0x0800595d   Thumb Code    32  stm32f4xx_usart_config.o(i.fputc)
    invSqrt                                  0x08005981   Thumb Code    56  bcbctrlimu.o(i.invSqrt)
    main                                     0x080059bd   Thumb Code    44  app.o(i.main)
    sqrt                                     0x080059e9   Thumb Code   110  sqrt.o(i.sqrt)
    u1_DmaSendDataProc                       0x08005a57   Thumb Code    44  stm32f4xx_usart_config.o(i.u1_DmaSendDataProc)
    u1_SendBytesInfoProc                     0x08005a85   Thumb Code    44  stm32f4xx_usart_config.o(i.u1_SendBytesInfoProc)
    __mathlib_zero                           0x08005ba0   Data           8  qnan.o(.constdata)
    Region$$Table$$Base                      0x08005ba8   Number         0  anon$$obj.o(Region$$Table)
    Region$$Table$$Limit                     0x08005bc8   Number         0  anon$$obj.o(Region$$Table)
    agv1_en                                  0x20000000   Data          10  agv_handle.o(.data)
    agv1_nen                                 0x2000000a   Data          10  agv_handle.o(.data)
    agv2_en                                  0x20000014   Data          10  agv_handle.o(.data)
    agv2_nen                                 0x2000001e   Data          10  agv_handle.o(.data)
    agv1_model                               0x20000028   Data          10  agv_handle.o(.data)
    agv2_model                               0x20000032   Data          10  agv_handle.o(.data)
    SD                                       0x2000003c   Data           4  agv_handle.o(.data)
    agv1_SD                                  0x20000040   Data          10  agv_handle.o(.data)
    agv2_SD                                  0x2000004a   Data          10  agv_handle.o(.data)
    agv1_monitoring                          0x20000054   Data          10  agv_handle.o(.data)
    agv2_monitoring                          0x2000005e   Data          10  agv_handle.o(.data)
    AGV_send_bz                              0x20000070   Data           4  stm32f4xx_it.o(.data)
    YKSD                                     0x20000074   Data           2  stm32f4xx_it.o(.data)
    i                                        0x20000078   Data           4  stm32f4xx_it.o(.data)
    a                                        0x2000007c   Data           2  stm32f4xx_it.o(.data)
    exInt                                    0x20000084   Data           4  bcbctrlimu.o(.data)
    eyInt                                    0x20000088   Data           4  bcbctrlimu.o(.data)
    ezInt                                    0x2000008c   Data           4  bcbctrlimu.o(.data)
    q0                                       0x20000090   Data           4  bcbctrlimu.o(.data)
    q1                                       0x20000094   Data           4  bcbctrlimu.o(.data)
    q2                                       0x20000098   Data           4  bcbctrlimu.o(.data)
    q3                                       0x2000009c   Data           4  bcbctrlimu.o(.data)
    integralFBhand                           0x200000a0   Data           4  bcbctrlimu.o(.data)
    handdiff                                 0x200000a4   Data           4  bcbctrlimu.o(.data)
    halfT                                    0x200000a8   Data           4  bcbctrlimu.o(.data)
    sampleFreq                               0x200000ac   Data           4  bcbctrlimu.o(.data)
    beta                                     0x200000b0   Data           4  bcbctrlimu.o(.data)
    twoKp                                    0x200000b4   Data           4  bcbctrlimu.o(.data)
    twoKi                                    0x200000b8   Data           4  bcbctrlimu.o(.data)
    integralFBx                              0x200000bc   Data           4  bcbctrlimu.o(.data)
    integralFBy                              0x200000c0   Data           4  bcbctrlimu.o(.data)
    integralFBz                              0x200000c4   Data           4  bcbctrlimu.o(.data)
    MPU6050_pInFIFO                          0x200000c8   Data           2  bcbmpu6050driver.o(.data)
    Gx_offset                                0x200000ca   Data           2  bcbmpu6050driver.o(.data)
    Gy_offset                                0x200000cc   Data           2  bcbmpu6050driver.o(.data)
    Gz_offset                                0x200000ce   Data           2  bcbmpu6050driver.o(.data)
    MPU6050_Lastax                           0x200000d0   Data           2  bcbmpu6050driver.o(.data)
    MPU6050_Lastay                           0x200000d2   Data           2  bcbmpu6050driver.o(.data)
    MPU6050_Lastaz                           0x200000d4   Data           2  bcbmpu6050driver.o(.data)
    MPU6050_Lastgx                           0x200000d6   Data           2  bcbmpu6050driver.o(.data)
    MPU6050_Lastgy                           0x200000d8   Data           2  bcbmpu6050driver.o(.data)
    MPU6050_Lastgz                           0x200000da   Data           2  bcbmpu6050driver.o(.data)
    Rx_Buffer_sd                             0x200000dc   Data           2  agv_deal.o(.data)
    Rx_Index                                 0x200000de   Data           1  agv_deal.o(.data)
    rx_data_bz                               0x200000df   Data           1  agv_deal.o(.data)
    bz                                       0x200000e0   Data           1  agv_deal.o(.data)
    sj                                       0x200000e4   Data           4  agv_deal.o(.data)
    __stdout                                 0x200000f8   Data           4  stdout.o(.data)
    sbus_channel_temp                        0x20000100   Data          30  stm32f4xx_usart_config.o(.bss)
    sbus_rx_buffer                           0x2000011e   Data          18  stm32f4xx_usart_config.o(.bss)
    pUsartRecvBuff                           0x20000130   Data         200  stm32f4xx_usart_config.o(.bss)
    pUsartSendBuff                           0x200001f8   Data         200  stm32f4xx_usart_config.o(.bss)
    G_Dma_U3_RxBuffer                        0x200002c0   Data          10  stm32f4xx_usart_config.o(.bss)
    G_Dma_U3_TxBuffer                        0x200002ca   Data          10  stm32f4xx_usart_config.o(.bss)
    G_Dma_U1_RxBuffer                        0x200002d4   Data          13  stm32f4xx_usart_config.o(.bss)
    G_Dma_U1_TxBuffer                        0x200002e1   Data          15  stm32f4xx_usart_config.o(.bss)
    Rx_Buffer                                0x200002f0   Data          50  stm32f4xx_usart_config.o(.bss)
    RemoteNow                                0x20000324   Data          16  stm32f4xx_it.o(.bss)
    mygetqval                                0x20000334   Data          36  bcbctrlimu.o(.bss)
    buffer                                   0x20000358   Data          14  bcbmpu6050driver.o(.bss)
    MPU6050_FIFO                             0x20000366   Data         132  bcbmpu6050driver.o(.bss)
    MPU6050_SumFIFO                          0x200003ec   Data          24  bcbmpu6050driver.o(.bss)
    Rx_Buffer_XCSD                           0x20000404   Data          15  agv_deal.o(.bss)
    Rx_Buffer_sj                             0x20000413   Data          10  agv_deal.o(.bss)
    __initial_sp                             0x20000820   Data           0  startup_stm32f4xx.o(STACK)



==============================================================================

Memory Map of the image

  Image Entry point : 0x08000189

  Load Region LR_IROM1 (Base: 0x08000000, Size: 0x00005cc8, Max: 0x00100000, ABSOLUTE)

    Execution Region ER_IROM1 (Base: 0x08000000, Size: 0x00005bc8, Max: 0x00100000, ABSOLUTE)

    Base Addr    Size         Type   Attr      Idx    E Section Name        Object

    0x08000000   0x00000188   Data   RO          908    RESET               startup_stm32f4xx.o
    0x08000188   0x00000000   Code   RO         1180  * .ARM.Collect$$$$00000000  mc_w.l(entry.o)
    0x08000188   0x00000004   Code   RO         1498    .ARM.Collect$$$$00000001  mc_w.l(entry2.o)
    0x0800018c   0x00000004   Code   RO         1501    .ARM.Collect$$$$00000004  mc_w.l(entry5.o)
    0x08000190   0x00000000   Code   RO         1503    .ARM.Collect$$$$00000008  mc_w.l(entry7b.o)
    0x08000190   0x00000000   Code   RO         1505    .ARM.Collect$$$$0000000A  mc_w.l(entry8b.o)
    0x08000190   0x00000008   Code   RO         1506    .ARM.Collect$$$$0000000B  mc_w.l(entry9a.o)
    0x08000198   0x00000000   Code   RO         1508    .ARM.Collect$$$$0000000D  mc_w.l(entry10a.o)
    0x08000198   0x00000000   Code   RO         1510    .ARM.Collect$$$$0000000F  mc_w.l(entry11a.o)
    0x08000198   0x00000004   Code   RO         1499    .ARM.Collect$$$$00002712  mc_w.l(entry2.o)
    0x0800019c   0x00000024   Code   RO          909    .text               startup_stm32f4xx.o
    0x080001c0   0x000000e0   Code   RO          916    .text               STM32f4xx.lib(misc.o)
    0x080002a0   0x00000ca2   Code   RO          999    .text               STM32f4xx.lib(stm32f4xx_tim.o)
    0x08000f42   0x00000002   PAD
    0x08000f44   0x00000588   Code   RO         1023    .text               STM32f4xx.lib(stm32f4xx_rcc.o)
    0x080014cc   0x0000011c   Code   RO         1049    .text               STM32f4xx.lib(stm32f4xx_exti.o)
    0x080015e8   0x0000025c   Code   RO         1073    .text               STM32f4xx.lib(stm32f4xx_gpio.o)
    0x08001844   0x000003a8   Code   RO         1097    .text               STM32f4xx.lib(stm32f4xx_dma.o)
    0x08001bec   0x0000041a   Code   RO         1121    .text               STM32f4xx.lib(stm32f4xx_usart.o)
    0x08002006   0x0000014e   Code   RO         1443    .text               mf_w.l(dadd.o)
    0x08002154   0x000000e4   Code   RO         1445    .text               mf_w.l(dmul.o)
    0x08002238   0x000000de   Code   RO         1447    .text               mf_w.l(ddiv.o)
    0x08002316   0x00000026   Code   RO         1453    .text               mf_w.l(f2d.o)
    0x0800233c   0x00000038   Code   RO         1457    .text               mf_w.l(d2f.o)
    0x08002374   0x0000002c   Code   RO         1513    .text               mc_w.l(uidiv.o)
    0x080023a0   0x00000062   Code   RO         1515    .text               mc_w.l(uldiv.o)
    0x08002402   0x0000001e   Code   RO         1517    .text               mc_w.l(llshl.o)
    0x08002420   0x00000024   Code   RO         1519    .text               mc_w.l(llsshr.o)
    0x08002444   0x00000000   Code   RO         1528    .text               mc_w.l(iusefp.o)
    0x08002444   0x0000006e   Code   RO         1529    .text               mf_w.l(fepilogue.o)
    0x080024b2   0x000000ba   Code   RO         1531    .text               mf_w.l(depilogue.o)
    0x0800256c   0x000000a2   Code   RO         1533    .text               mf_w.l(dsqrt.o)
    0x0800260e   0x00000030   Code   RO         1535    .text               mf_w.l(dfixul.o)
    0x0800263e   0x00000002   PAD
    0x08002640   0x00000030   Code   RO         1537    .text               mf_w.l(cdrcmple.o)
    0x08002670   0x00000024   Code   RO         1539    .text               mc_w.l(init.o)
    0x08002694   0x00000020   Code   RO         1541    .text               mc_w.l(llushr.o)
    0x080026b4   0x00000104   Code   RO          835    i.AGVRecv_send_Data  agv_deal.o
    0x080027b8   0x0000006c   Code   RO          321    i.Agv_EN            agv_handle.o
    0x08002824   0x00000034   Code   RO          322    i.Agv_Monitoring    agv_handle.o
    0x08002858   0x000001cc   Code   RO          323    i.Agv_Speed         agv_handle.o
    0x08002a24   0x00000004   Code   RO          364    i.BusFault_Handler  stm32f4xx_it.o
    0x08002a28   0x00000044   Code   RO          152    i.DMA1_Stream1_IRQHandler  stm32f4xx_usart_config.o
    0x08002a6c   0x00000020   Code   RO          153    i.DMA1_Stream3_IRQHandler  stm32f4xx_usart_config.o
    0x08002a8c   0x000001e4   Code   RO          365    i.DMA1_Stream5_IRQHandler  stm32f4xx_it.o
    0x08002c70   0x0000003c   Code   RO          154    i.DMA2_Stream5_IRQHandler  stm32f4xx_usart_config.o
    0x08002cac   0x00000020   Code   RO          155    i.DMA2_Stream7_IRQHandler  stm32f4xx_usart_config.o
    0x08002ccc   0x00000002   Code   RO          366    i.DebugMon_Handler  stm32f4xx_it.o
    0x08002cce   0x0000002c   Code   RO          156    i.DmaSendDataProc   stm32f4xx_usart_config.o
    0x08002cfa   0x0000001e   Code   RO          367    i.EXTI0_IRQHandler  stm32f4xx_it.o
    0x08002d18   0x00000018   Code   RO          368    i.EXTI2_IRQHandler  stm32f4xx_it.o
    0x08002d30   0x00000038   Code   RO          369    i.EXTI3_IRQHandler  stm32f4xx_it.o
    0x08002d68   0x00000018   Code   RO          370    i.EXTI4_IRQHandler  stm32f4xx_it.o
    0x08002d80   0x00000004   Code   RO          371    i.HardFault_Handler  stm32f4xx_it.o
    0x08002d84   0x00000040   Code   RO          727    i.IIC1_Ack          stm32f4xx_iic_config.o
    0x08002dc4   0x00000048   Code   RO          728    i.IIC1_Confugration  stm32f4xx_iic_config.o
    0x08002e0c   0x0000001a   Code   RO          729    i.IIC1_Delay        stm32f4xx_iic_config.o
    0x08002e26   0x00000002   PAD
    0x08002e28   0x000000b8   Code   RO          730    i.IIC1_ReadData     stm32f4xx_iic_config.o
    0x08002ee0   0x00000054   Code   RO          731    i.IIC1_ReadReg      stm32f4xx_iic_config.o
    0x08002f34   0x00000028   Code   RO          732    i.IIC1_SDA_In       stm32f4xx_iic_config.o
    0x08002f5c   0x00000024   Code   RO          733    i.IIC1_SDA_Out      stm32f4xx_iic_config.o
    0x08002f80   0x00000038   Code   RO          734    i.IIC1_Start        stm32f4xx_iic_config.o
    0x08002fb8   0x00000038   Code   RO          735    i.IIC1_Stop         stm32f4xx_iic_config.o
    0x08002ff0   0x00000068   Code   RO          736    i.IIC1_WaitAck      stm32f4xx_iic_config.o
    0x08003058   0x00000044   Code   RO          737    i.IIC1_WriteBit     stm32f4xx_iic_config.o
    0x0800309c   0x0000006e   Code   RO          738    i.IIC1_WriteBits    stm32f4xx_iic_config.o
    0x0800310a   0x00000002   PAD
    0x0800310c   0x00000084   Code   RO          739    i.IIC1_WriteData    stm32f4xx_iic_config.o
    0x08003190   0x0000005c   Code   RO          740    i.IIC1_WriteReg     stm32f4xx_iic_config.o
    0x080031ec   0x0000013c   Code   RO          503    i.IMU_getQ          bcbctrlimu.o
    0x08003328   0x000002c4   Code   RO          504    i.IMU_getYawPitchRoll  bcbctrlimu.o
    0x080035ec   0x00000080   Code   RO          505    i.IMU_init          bcbctrlimu.o
    0x0800366c   0x0000007c   Code   RO          596    i.MPU6050_Configuation  bcbmpu6050driver.o
    0x080036e8   0x00000214   Code   RO          600    i.MPU6050_NewValues  bcbmpu6050driver.o
    0x080038fc   0x00000014   Code   RO          601    i.MPU6050_SetClockSource  bcbmpu6050driver.o
    0x08003910   0x00000014   Code   RO          602    i.MPU6050_SetFullScaleAccelRange  bcbmpu6050driver.o
    0x08003924   0x00000014   Code   RO          603    i.MPU6050_SetFullScaleGyroRange  bcbmpu6050driver.o
    0x08003938   0x00000012   Code   RO          605    i.MPU6050_SetI2CBypassEnabled  bcbmpu6050driver.o
    0x0800394a   0x00000012   Code   RO          606    i.MPU6050_SetI2CMasterModeEnabled  bcbmpu6050driver.o
    0x0800395c   0x00000012   Code   RO          607    i.MPU6050_SetSleepEnabled  bcbmpu6050driver.o
    0x0800396e   0x00000002   PAD
    0x08003970   0x0000011c   Code   RO          609    i.MPU6050_getMotion6  bcbmpu6050driver.o
    0x08003a8c   0x00000394   Code   RO          509    i.MahonyAHRSupdateIMU  bcbctrlimu.o
    0x08003e20   0x00000004   Code   RO          372    i.MemManage_Handler  stm32f4xx_it.o
    0x08003e24   0x00000002   Code   RO          373    i.NMI_Handler       stm32f4xx_it.o
    0x08003e26   0x00000002   PAD
    0x08003e28   0x00000034   Code   RO          157    i.SendBytesInfoProc  stm32f4xx_usart_config.o
    0x08003e5c   0x000000ec   Code   RO          868    i.SetSysClock       system_stm32f4xx.o
    0x08003f48   0x00000068   Code   RO          870    i.SystemInit        system_stm32f4xx.o
    0x08003fb0   0x00000054   Code   RO          374    i.TIM2_Configuration  stm32f4xx_it.o
    0x08004004   0x0000001e   Code   RO          375    i.TIM2_IRQHandler   stm32f4xx_it.o
    0x08004022   0x00000014   Code   RO          376    i.TIM2_Start        stm32f4xx_it.o
    0x08004036   0x00000002   PAD
    0x08004038   0x0000005c   Code   RO          377    i.TIM3_Configuration  stm32f4xx_it.o
    0x08004094   0x00000090   Code   RO          378    i.TIM3_IRQHandler   stm32f4xx_it.o
    0x08004124   0x00000018   Code   RO          379    i.TIM3_Start        stm32f4xx_it.o
    0x0800413c   0x00000200   Code   RO          159    i.USART1_Configuration  stm32f4xx_usart_config.o
    0x0800433c   0x00000128   Code   RO          160    i.USART2_Configuration  stm32f4xx_usart_config.o
    0x08004464   0x00000200   Code   RO          161    i.USART3_Configuration  stm32f4xx_usart_config.o
    0x08004664   0x00000004   Code   RO          380    i.UsageFault_Handler  stm32f4xx_it.o
    0x08004668   0x00000020   Code   RO         1416    i.__0printf         mc_w.l(printfa.o)
    0x08004688   0x00000030   Code   RO         1493    i.__ARM_fpclassify  m_wm.l(fpclassify.o)
    0x080046b8   0x00000360   Code   RO         1142    i.__hardfp_asin     m_wm.l(asin.o)
    0x08004a18   0x000002d8   Code   RO         1459    i.__hardfp_atan     m_wm.l(atan.o)
    0x08004cf0   0x000001f0   Code   RO         1156    i.__hardfp_atan2    m_wm.l(atan2.o)
    0x08004ee0   0x000000f8   Code   RO         1495    i.__kernel_poly     m_wm.l(poly.o)
    0x08004fd8   0x00000014   Code   RO         1474    i.__mathlib_dbl_infnan  m_wm.l(dunder.o)
    0x08004fec   0x00000014   Code   RO         1475    i.__mathlib_dbl_infnan2  m_wm.l(dunder.o)
    0x08005000   0x00000020   Code   RO         1476    i.__mathlib_dbl_invalid  m_wm.l(dunder.o)
    0x08005020   0x00000020   Code   RO         1479    i.__mathlib_dbl_underflow  m_wm.l(dunder.o)
    0x08005040   0x0000000e   Code   RO         1545    i.__scatterload_copy  mc_w.l(handlers.o)
    0x0800504e   0x00000002   Code   RO         1546    i.__scatterload_null  mc_w.l(handlers.o)
    0x08005050   0x0000000e   Code   RO         1547    i.__scatterload_zeroinit  mc_w.l(handlers.o)
    0x0800505e   0x00000002   PAD
    0x08005060   0x0000000c   Code   RO         1523    i.__set_errno       mc_w.l(errno.o)
    0x0800506c   0x00000164   Code   RO         1423    i._fp_digits        mc_w.l(printfa.o)
    0x080051d0   0x000006dc   Code   RO         1424    i._printf_core      mc_w.l(printfa.o)
    0x080058ac   0x00000024   Code   RO         1425    i._printf_post_padding  mc_w.l(printfa.o)
    0x080058d0   0x0000002e   Code   RO         1426    i._printf_pre_padding  mc_w.l(printfa.o)
    0x080058fe   0x00000010   Code   RO         1461    i.atan              m_wm.l(atan.o)
    0x0800590e   0x0000001c   Code   RO          286    i.delay_ms          delay.o
    0x0800592a   0x0000001a   Code   RO          287    i.delay_us          delay.o
    0x08005944   0x00000018   Code   RO         1489    i.fabs              m_wm.l(fabs.o)
    0x0800595c   0x00000024   Code   RO          165    i.fputc             stm32f4xx_usart_config.o
    0x08005980   0x0000003c   Code   RO          510    i.invSqrt           bcbctrlimu.o
    0x080059bc   0x0000002c   Code   RO            4    i.main              app.o
    0x080059e8   0x0000006e   Code   RO         1170    i.sqrt              m_wm.l(sqrt.o)
    0x08005a56   0x0000002c   Code   RO          166    i.u1_DmaSendDataProc  stm32f4xx_usart_config.o
    0x08005a82   0x00000002   PAD
    0x08005a84   0x00000034   Code   RO          167    i.u1_SendBytesInfoProc  stm32f4xx_usart_config.o
    0x08005ab8   0x00000050   Data   RO         1145    .constdata          m_wm.l(asin.o)
    0x08005b08   0x00000098   Data   RO         1462    .constdata          m_wm.l(atan.o)
    0x08005ba0   0x00000008   Data   RO         1497    .constdata          m_wm.l(qnan.o)
    0x08005ba8   0x00000020   Data   RO         1543    Region$$Table       anon$$obj.o


    Execution Region RW_IRAM1 (Base: 0x20000000, Size: 0x00000820, Max: 0x00020000, ABSOLUTE)

    Base Addr    Size         Type   Attr      Idx    E Section Name        Object

    0x20000000   0x00000070   Data   RW          324    .data               agv_handle.o
    0x20000070   0x00000014   Data   RW          382    .data               stm32f4xx_it.o
    0x20000084   0x00000044   Data   RW          512    .data               bcbctrlimu.o
    0x200000c8   0x00000014   Data   RW          615    .data               bcbmpu6050driver.o
    0x200000dc   0x0000000c   Data   RW          837    .data               agv_deal.o
    0x200000e8   0x00000010   Data   RW         1024    .data               STM32f4xx.lib(stm32f4xx_rcc.o)
    0x200000f8   0x00000004   Data   RW         1512    .data               mc_w.l(stdout.o)
    0x200000fc   0x00000004   Data   RW         1524    .data               mc_w.l(errno.o)
    0x20000100   0x00000222   Zero   RW          168    .bss                stm32f4xx_usart_config.o
    0x20000322   0x00000002   PAD
    0x20000324   0x00000010   Zero   RW          381    .bss                stm32f4xx_it.o
    0x20000334   0x00000024   Zero   RW          511    .bss                bcbctrlimu.o
    0x20000358   0x000000ac   Zero   RW          614    .bss                bcbmpu6050driver.o
    0x20000404   0x00000019   Zero   RW          836    .bss                agv_deal.o
    0x2000041d   0x00000003   PAD
    0x20000420   0x00000400   Zero   RW          906    STACK               startup_stm32f4xx.o


==============================================================================

Image component sizes


      Code (inc. data)   RO Data    RW Data    ZI Data      Debug   Object Name

       260         18          0         12         25       1981   agv_deal.o
       620         48          0        112          0       3539   agv_handle.o
        44          0          0          0          0     263415   app.o
      2128        156          0         68         36       5148   bcbctrlimu.o
      1054         60          0         20        172      17698   bcbmpu6050driver.o
        54          0          0          0          0       1226   delay.o
        36          8        392          0       1024        888   startup_stm32f4xx.o
      1124        132          0          0          0      10310   stm32f4xx_iic_config.o
      1032         74          0         20         16       9444   stm32f4xx_it.o
      1740        132          0          0        546      11766   stm32f4xx_usart_config.o
       340         32          0          0          0       1549   system_stm32f4xx.o

    ----------------------------------------------------------------------
      8444        660        424        232       1824     326964   Object Totals
         0          0         32          0          0          0   (incl. Generated)
        12          0          0          0          5          0   (incl. Padding)

    ----------------------------------------------------------------------

      Code (inc. data)   RO Data    RW Data    ZI Data      Debug   Library Member Name

       224         20          0          0          0     274321   misc.o
       936         32          0          0          0       6449   stm32f4xx_dma.o
       284         10          0          0          0       2451   stm32f4xx_exti.o
       604         36          0          0          0       4221   stm32f4xx_gpio.o
      1416         48          0         16          0      11175   stm32f4xx_rcc.o
      3234         60          0          0          0      22452   stm32f4xx_tim.o
      1050         26          0          0          0       7924   stm32f4xx_usart.o
       864         94         80          0          0        280   asin.o
       744        106        152          0          0        352   atan.o
       496         64          0          0          0        192   atan2.o
       104         16          0          0          0        496   dunder.o
        24          0          0          0          0        124   fabs.o
        48          0          0          0          0        124   fpclassify.o
       248          0          0          0          0        152   poly.o
         0          0          8          0          0          0   qnan.o
       110          0          0          0          0        148   sqrt.o
         0          0          0          0          0          0   entry.o
         0          0          0          0          0          0   entry10a.o
         0          0          0          0          0          0   entry11a.o
         8          4          0          0          0          0   entry2.o
         4          0          0          0          0          0   entry5.o
         0          0          0          0          0          0   entry7b.o
         0          0          0          0          0          0   entry8b.o
         8          4          0          0          0          0   entry9a.o
        12          6          0          4          0         68   errno.o
        30          0          0          0          0          0   handlers.o
        36          8          0          0          0         68   init.o
         0          0          0          0          0          0   iusefp.o
        30          0          0          0          0         68   llshl.o
        36          0          0          0          0         68   llsshr.o
        32          0          0          0          0         68   llushr.o
      2226         90          0          0          0        444   printfa.o
         0          0          0          4          0          0   stdout.o
        44          0          0          0          0         80   uidiv.o
        98          0          0          0          0         92   uldiv.o
        48          0          0          0          0         68   cdrcmple.o
        56          0          0          0          0         88   d2f.o
       334          0          0          0          0        148   dadd.o
       222          0          0          0          0        100   ddiv.o
       186          0          0          0          0        176   depilogue.o
        48          0          0          0          0         68   dfixul.o
       228          0          0          0          0         96   dmul.o
       162          0          0          0          0        100   dsqrt.o
        38          0          0          0          0         68   f2d.o
       110          0          0          0          0        168   fepilogue.o

    ----------------------------------------------------------------------
     14388        624        240         24          0     332897   Library Totals
         6          0          0          0          0          0   (incl. Padding)

    ----------------------------------------------------------------------

      Code (inc. data)   RO Data    RW Data    ZI Data      Debug   Library Name

      7748        232          0         16          0     328993   STM32f4xx.lib
      2638        280        240          0          0       1868   m_wm.l
      2564        112          0          8          0        956   mc_w.l
      1432          0          0          0          0       1080   mf_w.l

    ----------------------------------------------------------------------
     14388        624        240         24          0     332897   Library Totals

    ----------------------------------------------------------------------

==============================================================================


      Code (inc. data)   RO Data    RW Data    ZI Data      Debug   

     22832       1284        664        256       1824     649677   Grand Totals
     22832       1284        664        256       1824     649677   ELF Image Totals
     22832       1284        664        256          0          0   ROM Totals

==============================================================================

    Total RO  Size (Code + RO Data)                23496 (  22.95kB)
    Total RW  Size (RW Data + ZI Data)              2080 (   2.03kB)
    Total ROM Size (Code + RO Data + RW Data)      23752 (  23.20kB)

==============================================================================

